Component: ARM Compiler 5.06 update 7 (build 960) Tool: armlink [4d3601]

==============================================================================

Section Cross References

    startup_stm32f103xb.o(STACK) refers (Special) to heapauxi.o(.text) for __use_two_region_memory
    startup_stm32f103xb.o(HEAP) refers (Special) to heapauxi.o(.text) for __use_two_region_memory
    startup_stm32f103xb.o(RESET) refers (Special) to heapauxi.o(.text) for __use_two_region_memory
    startup_stm32f103xb.o(RESET) refers to startup_stm32f103xb.o(STACK) for __initial_sp
    startup_stm32f103xb.o(RESET) refers to startup_stm32f103xb.o(.text) for Reset_Handler
    startup_stm32f103xb.o(RESET) refers to stm32f1xx_it.o(i.NMI_Handler) for NMI_Handler
    startup_stm32f103xb.o(RESET) refers to stm32f1xx_it.o(i.HardFault_Handler) for HardFault_Handler
    startup_stm32f103xb.o(RESET) refers to stm32f1xx_it.o(i.MemManage_Handler) for MemManage_Handler
    startup_stm32f103xb.o(RESET) refers to stm32f1xx_it.o(i.BusFault_Handler) for BusFault_Handler
    startup_stm32f103xb.o(RESET) refers to stm32f1xx_it.o(i.UsageFault_Handler) for UsageFault_Handler
    startup_stm32f103xb.o(RESET) refers to stm32f1xx_it.o(i.SVC_Handler) for SVC_Handler
    startup_stm32f103xb.o(RESET) refers to stm32f1xx_it.o(i.DebugMon_Handler) for DebugMon_Handler
    startup_stm32f103xb.o(RESET) refers to stm32f1xx_it.o(i.PendSV_Handler) for PendSV_Handler
    startup_stm32f103xb.o(RESET) refers to stm32f1xx_it.o(i.SysTick_Handler) for SysTick_Handler
    startup_stm32f103xb.o(RESET) refers to stm32f1xx_it.o(i.USART2_IRQHandler) for USART2_IRQHandler
    startup_stm32f103xb.o(.text) refers (Special) to heapauxi.o(.text) for __use_two_region_memory
    startup_stm32f103xb.o(.text) refers to system_stm32f1xx.o(i.SystemInit) for SystemInit
    startup_stm32f103xb.o(.text) refers to __main.o(!!!main) for __main
    startup_stm32f103xb.o(.text) refers to startup_stm32f103xb.o(HEAP) for Heap_Mem
    startup_stm32f103xb.o(.text) refers to startup_stm32f103xb.o(STACK) for Stack_Mem
    light.o(i.Light_Get) refers to stm32f1xx_hal_adc.o(i.HAL_ADC_Start) for HAL_ADC_Start
    light.o(i.Light_Get) refers to stm32f1xx_hal_adc.o(i.HAL_ADC_PollForConversion) for HAL_ADC_PollForConversion
    light.o(i.Light_Get) refers to stm32f1xx_hal_adc.o(i.HAL_ADC_GetValue) for HAL_ADC_GetValue
    light.o(i.Light_Get) refers to stm32f1xx_hal_adc.o(i.HAL_ADC_Stop) for HAL_ADC_Stop
    light.o(i.Light_Get) refers to adc.o(.bss) for hadc1
    delay.o(i.Delay_US) refers to stm32f1xx_hal_tim.o(i.HAL_TIM_Base_Start) for HAL_TIM_Base_Start
    delay.o(i.Delay_US) refers to stm32f1xx_hal_tim.o(i.HAL_TIM_Base_Stop) for HAL_TIM_Base_Stop
    delay.o(i.Delay_US) refers to tim.o(.bss) for htim2
    dht11.o(i.DHT11_Get) refers to stm32f1xx_hal_gpio.o(i.HAL_GPIO_Init) for HAL_GPIO_Init
    dht11.o(i.DHT11_Get) refers to stm32f1xx_hal_gpio.o(i.HAL_GPIO_WritePin) for HAL_GPIO_WritePin
    dht11.o(i.DHT11_Get) refers to stm32f1xx_hal.o(i.HAL_Delay) for HAL_Delay
    dht11.o(i.DHT11_Get) refers to delay.o(i.Delay_US) for Delay_US
    dht11.o(i.DHT11_Get) refers to stm32f1xx_hal_gpio.o(i.HAL_GPIO_ReadPin) for HAL_GPIO_ReadPin
    dht11.o(i.DHT11_Get) refers to fflt_clz.o(x$fpl$ffltu) for __aeabi_ui2f
    dht11.o(i.DHT11_Get) refers to fdiv.o(x$fpl$fdiv) for __aeabi_fdiv
    dht11.o(i.DHT11_Get) refers to faddsub_clz.o(x$fpl$fadd) for __aeabi_fadd
    servo.o(i.Servo_Init) refers to stm32f1xx_hal_tim.o(i.HAL_TIM_PWM_Start) for HAL_TIM_PWM_Start
    servo.o(i.Servo_Init) refers to tim.o(.bss) for htim3
    servo.o(i.Servo_Set_Angle) refers to dflt_clz.o(x$fpl$dfltu) for __aeabi_ui2d
    servo.o(i.Servo_Set_Angle) refers to dmul.o(x$fpl$dmul) for __aeabi_dmul
    servo.o(i.Servo_Set_Angle) refers to daddsub_clz.o(x$fpl$dadd) for __aeabi_dadd
    servo.o(i.Servo_Set_Angle) refers to dfixu.o(x$fpl$dfixu) for __aeabi_d2uiz
    servo.o(i.Servo_Set_Angle) refers to tim.o(.bss) for htim3
    main.o(i.SystemClock_Config) refers to rt_memclr_w.o(.text) for __aeabi_memclr4
    main.o(i.SystemClock_Config) refers to stm32f1xx_hal_rcc.o(i.HAL_RCC_OscConfig) for HAL_RCC_OscConfig
    main.o(i.SystemClock_Config) refers to stm32f1xx_hal_rcc.o(i.HAL_RCC_ClockConfig) for HAL_RCC_ClockConfig
    main.o(i.SystemClock_Config) refers to stm32f1xx_hal_rcc_ex.o(i.HAL_RCCEx_PeriphCLKConfig) for HAL_RCCEx_PeriphCLKConfig
    main.o(i.main) refers to _printf_percent.o(.ARM.Collect$$_printf_percent$$00000000) for _printf_percent
    main.o(i.main) refers to _printf_u.o(.ARM.Collect$$_printf_percent$$0000000A) for _printf_u
    main.o(i.main) refers to _printf_f.o(.ARM.Collect$$_printf_percent$$00000003) for _printf_f
    main.o(i.main) refers to _printf_s.o(.ARM.Collect$$_printf_percent$$00000014) for _printf_s
    main.o(i.main) refers to _printf_dec.o(.text) for _printf_int_dec
    main.o(i.main) refers to printf1.o(x$fpl$printf1) for _printf_fp_dec
    main.o(i.main) refers to _printf_str.o(.text) for _printf_str
[...]
    startup_stm32f103xb.s                    0x00000000   Number         0  startup_stm32f103xb.o ABSOLUTE
    RESET                                    0x08000000   Section      236  startup_stm32f103xb.o(RESET)
    !!!main                                  0x080000ec   Section        8  __main.o(!!!main)
    !!!scatter                               0x080000f4   Section       52  __scatter.o(!!!scatter)
    !!handler_copy                           0x08000128   Section       26  __scatter_copy.o(!!handler_copy)
    !!handler_zi                             0x08000144   Section       28  __scatter_zi.o(!!handler_zi)
    .ARM.Collect$$_printf_percent$$00000000  0x08000160   Section        0  _printf_percent.o(.ARM.Collect$$_printf_percent$$00000000)
    .ARM.Collect$$_printf_percent$$00000003  0x08000160   Section        6  _printf_f.o(.ARM.Collect$$_printf_percent$$00000003)
    .ARM.Collect$$_printf_percent$$0000000A  0x08000166   Section        6  _printf_u.o(.ARM.Collect$$_printf_percent$$0000000A)
    .ARM.Collect$$_printf_percent$$00000014  0x0800016c   Section        6  _printf_s.o(.ARM.Collect$$_printf_percent$$00000014)
    .ARM.Collect$$_printf_percent$$00000017  0x08000172   Section        4  _printf_percent_end.o(.ARM.Collect$$_printf_percent$$00000017)
    .ARM.Collect$$libinit$$00000000          0x08000176   Section        2  libinit.o(.ARM.Collect$$libinit$$00000000)
    .ARM.Collect$$libinit$$00000002          0x08000178   Section        0  libinit2.o(.ARM.Collect$$libinit$$00000002)
    .ARM.Collect$$libinit$$00000004          0x08000178   Section        0  libinit2.o(.ARM.Collect$$libinit$$00000004)
    .ARM.Collect$$libinit$$0000000A          0x08000178   Section        0  libinit2.o(.ARM.Collect$$libinit$$0000000A)
    .ARM.Collect$$libinit$$0000000C          0x08000178   Section        0  libinit2.o(.ARM.Collect$$libinit$$0000000C)
    .ARM.Collect$$libinit$$0000000E          0x08000178   Section        0  libinit2.o(.ARM.Collect$$libinit$$0000000E)
    .ARM.Collect$$libinit$$0000000F          0x08000178   Section        6  libinit2.o(.ARM.Collect$$libinit$$0000000F)
    .ARM.Collect$$libinit$$00000011          0x0800017e   Section        0  libinit2.o(.ARM.Collect$$libinit$$00000011)
    .ARM.Collect$$libinit$$00000013          0x0800017e   Section        0  libinit2.o(.ARM.Collect$$libinit$$00000013)
    .ARM.Collect$$libinit$$00000015          0x0800017e   Section        0  libinit2.o(.ARM.Collect$$libinit$$00000015)
    .ARM.Collect$$libinit$$00000016          0x0800017e   Section       10  libinit2.o(.ARM.Collect$$libinit$$00000016)
    .ARM.Collect$$libinit$$00000017          0x08000188   Section        0  libinit2.o(.ARM.Collect$$libinit$$00000017)
    .ARM.Collect$$libinit$$00000019          0x08000188   Section        0  libinit2.o(.ARM.Collect$$libinit$$00000019)
    .ARM.Collect$$libinit$$0000001B          0x08000188   Section        0  libinit2.o(.ARM.Collect$$libinit$$0000001B)
    .ARM.Collect$$libinit$$0000001D          0x08000188   Section        0  libinit2.o(.ARM.Collect$$libinit$$0000001D)
    .ARM.Collect$$libinit$$0000001F          0x08000188   Section        0  libinit2.o(.ARM.Collect$$libinit$$0000001F)
    .ARM.Collect$$libinit$$00000021          0x08000188   Section        0  libinit2.o(.ARM.Collect$$libinit$$00000021)
    .ARM.Collect$$libinit$$00000023          0x08000188   Section        0  libinit2.o(.ARM.Collect$$libinit$$00000023)
    .ARM.Collect$$libinit$$00000025          0x08000188   Section        0  libinit2.o(.ARM.Collect$$libinit$$00000025)
    .ARM.Collect$$libinit$$0000002C          0x08000188   Section        0  libinit2.o(.ARM.Collect$$libinit$$0000002C)
    .ARM.Collect$$libinit$$0000002E          0x08000188   Section        0  libinit2.o(.ARM.Collect$$libinit$$0000002E)
    .ARM.Collect$$libinit$$00000030          0x08000188   Section        0  libinit2.o(.ARM.Collect$$libinit$$00000030)
    .ARM.Collect$$libinit$$00000032          0x08000188   Section        0  libinit2.o(.ARM.Collect$$libinit$$00000032)
    .ARM.Collect$$libinit$$00000033          0x08000188   Section        2  libinit2.o(.ARM.Collect$$libinit$$00000033)
    .ARM.Collect$$libshutdown$$00000000      0x0800018a   Section        2  libshutdown.o(.ARM.Collect$$libshutdown$$00000000)
    .ARM.Collect$$libshutdown$$00000002      0x0800018c   Section        0  libshutdown2.o(.ARM.Collect$$libshutdown$$00000002)
    .ARM.Collect$$libshutdown$$00000004      0x0800018c   Section        0  libshutdown2.o(.ARM.Collect$$libshutdown$$00000004)
    .ARM.Collect$$libshutdown$$00000006      0x0800018c   Section        0  libshutdown2.o(.ARM.Collect$$libshutdown$$00000006)
    .ARM.Collect$$libshutdown$$00000009      0x0800018c   Section        0  libshutdown2.o(.ARM.Collect$$libshutdown$$00000009)
    .ARM.Collect$$libshutdown$$0000000C      0x0800018c   Section        0  libshutdown2.o(.ARM.Collect$$libshutdown$$0000000C)
    .ARM.Collect$$libshutdown$$0000000E      0x0800018c   Section        0  libshutdown2.o(.ARM.Collect$$libshutdown$$0000000E)
    .ARM.Collect$$libshutdown$$00000011      0x0800018c   Section        0  libshutdown2.o(.ARM.Collect$$libshutdown$$00000011)
    .ARM.Collect$$libshutdown$$00000012      0x0800018c   Section        2  libshutdown2.o(.ARM.Collect$$libshutdown$$00000012)
    .ARM.Collect$$rtentry$$00000000          0x0800018e   Section        0  __rtentry.o(.ARM.Collect$$rtentry$$00000000)
    .ARM.Collect$$rtentry$$00000002          0x0800018e   Section        0  __rtentry2.o(.ARM.Collect$$rtentry$$00000002)
    .ARM.Collect$$rtentry$$00000004          0x0800018e   Section        6  __rtentry4.o(.ARM.Collect$$rtentry$$00000004)
    .ARM.Collect$$rtentry$$00000009          0x08000194   Section        0  __rtentry2.o(.ARM.Collect$$rtentry$$00000009)
    .ARM.Collect$$rtentry$$0000000A          0x08000194   Section        4  __rtentry2.o(.ARM.Collect$$rtentry$$0000000A)
    .ARM.Collect$$rtentry$$0000000C          0x08000198   Section        0  __rtentry2.o(.ARM.Collect$$rtentry$$0000000C)
    .ARM.Collect$$rtentry$$0000000D          0x08000198   Section        8  __rtentry2.o(.ARM.Collect$$rtentry$$0000000D)
    .ARM.Collect$$rtexit$$00000000           0x080001a0   Section        2  rtexit.o(.ARM.Collect$$rtexit$$00000000)
    .ARM.Collect$$rtexit$$00000002           0x080001a2   Section        0  rtexit2.o(.ARM.Collect$$rtexit$$00000002)
    .ARM.Collect$$rtexit$$00000003           0x080001a2   Section        4  rtexit2.o(.ARM.Collect$$rtexit$$00000003)
    .ARM.Collect$$rtexit$$00000004           0x080001a6   Section        6  rtexit2.o(.ARM.Collect$$rtexit$$00000004)
    .text                                    0x080001ac   Section       64  startup_stm32f103xb.o(.text)
    .text                                    0x080001ec   Section        0  noretval__2sprintf.o(.text)
    .text                                    0x08000214   Section        0  _printf_str.o(.text)
    .text                                    0x08000268   Section        0  _printf_dec.o(.text)
    .text                                    0x080002e0   Section        0  __printf_wp.o(.text)
    .text                                    0x080003ee   Section        0  strlen.o(.text)
    .text                                    0x0800042c   Section       78  rt_memclr_w.o(.text)
    .text                                    0x0800047a   Section        0  heapauxi.o(.text)
    .text                                    0x08000480   Section        0  _printf_intcommon.o(.text)
    .text                                    0x08000532   Section        0  _printf_fp_dec.o(.text)
    _fp_digits                               0x08000535   Thumb Code   432  _printf_fp_dec.o(.text)
    .text                                    0x08000950   Section        0  _printf_char_common.o(.text)
    _printf_input_char                       0x08000951   Thumb Code    10  _printf_char_common.o(.text)
    .text                                    0x08000980   Section        0  _sputc.o(.text)
    .text                                    0x0800098a   Section        0  _printf_char.o(.text)
    .text                                    0x080009b8   Section        8  rt_locale_intlibspace.o(.text)
    .text                                    0x080009c0   Section      138  lludiv10.o(.text)
    .text                                    0x08000a4c   Section        0  _printf_fp_infnan.o(.text)
    .text                                    0x08000acc   Section        0  bigflt0.o(.text)
    .text                                    0x08000bb0   Section        8  libspace.o(.text)
    .text                                    0x08000bb8   Section       74  sys_stackheap_outer.o(.text)
    .text                                    0x08000c02   Section        0  exit.o(.text)
    .text                                    0x08000c14   Section      128  strcmpv7m.o(.text)
    .text                                    0x08000c94   Section        0  sys_exit.o(.text)
    .text                                    0x08000ca0   Section        2  use_no_semi.o(.text)
    .text                                    0x08000ca2   Section        0  indicate_semi.o(.text)
    CL$$btod_d2e                             0x08000ca2   Section       62  btod.o(CL$$btod_d2e)
    CL$$btod_d2e_denorm_low                  0x08000ce0   Section       70  btod.o(CL$$btod_d2e_denorm_low)
    CL$$btod_d2e_norm_op1                    0x08000d26   Section       96  btod.o(CL$$btod_d2e_norm_op1)
    CL$$btod_div_common                      0x08000d86   Section      824  btod.o(CL$$btod_div_common)
    CL$$btod_e2e                             0x080010be   Section      220  btod.o(CL$$btod_e2e)
    CL$$btod_ediv                            0x0800119a   Section       42  btod.o(CL$$btod_ediv)
    CL$$btod_emul                            0x080011c4   Section       42  btod.o(CL$$btod_emul)
    CL$$btod_mult_common                     0x080011ee   Section      580  btod.o(CL$$btod_mult_common)
    i.ADC_ConversionStop_Disable             0x08001434   Section        0  stm32f1xx_hal_adc.o(i.ADC_ConversionStop_Disable)
    i.ADC_Enable                             0x0800148c   Section        0  stm32f1xx_hal_adc.o(i.ADC_Enable)
    i.BusFault_Handler                       0x08001508   Section        0  stm32f1xx_it.o(i.BusFault_Handler)
    i.DHT11_Get                              0x0800150c   Section        0  dht11.o(i.DHT11_Get)
    i.DHT11_Init                             0x08001638   Section        0  dht11.o(i.DHT11_Init)
    i.DebugMon_Handler                       0x08001654   Section        0  stm32f1xx_it.o(i.DebugMon_Handler)
    i.Delay_US                               0x08001658   Section        0  delay.o(i.Delay_US)
    i.Error_Handler                          0x08001680   Section        0  main.o(i.Error_Handler)
    i.HAL_ADCEx_Calibration_Start            0x08001684   Section        0  stm32f1xx_hal_adc_ex.o(i.HAL_ADCEx_Calibration_Start)
    i.HAL_ADC_ConfigChannel                  0x0800175c   Section        0  stm32f1xx_hal_adc.o(i.HAL_ADC_ConfigChannel)
    i.HAL_ADC_GetValue                       0x08001858   Section        0  stm32f1xx_hal_adc.o(i.HAL_ADC_GetValue)
    i.HAL_ADC_Init                           0x08001860   Section        0  stm32f1xx_hal_adc.o(i.HAL_ADC_Init)
    i.HAL_ADC_MspInit                        0x0800197c   Section        0  adc.o(i.HAL_ADC_MspInit)
    i.HAL_ADC_PollForConversion              0x080019d4   Section        0  stm32f1xx_hal_adc.o(i.HAL_ADC_PollForConversion)
    i.HAL_ADC_Start                          0x08001b10   Section        0  stm32f1xx_hal_adc.o(i.HAL_ADC_Start)
    i.HAL_ADC_Stop                           0x08001bd0   Section        0  stm32f1xx_hal_adc.o(i.HAL_ADC_Stop)
    i.HAL_DMA_Abort                          0x08001c04   Section        0  stm32f1xx_hal_dma.o(i.HAL_DMA_Abort)
    i.HAL_DMA_Abort_IT                       0x08001c4c   Section        0  stm32f1xx_hal_dma.o(i.HAL_DMA_Abort_IT)
    i.HAL_Delay                              0x08001ce4   Section        0  stm32f1xx_hal.o(i.HAL_Delay)
    i.HAL_GPIO_Init                          0x08001d08   Section        0  stm32f1xx_hal_gpio.o(i.HAL_GPIO_Init)
    i.HAL_GPIO_ReadPin                       0x08001ee8   Section        0  stm32f1xx_hal_gpio.o(i.HAL_GPIO_ReadPin)
    i.HAL_GPIO_WritePin                      0x08001ef2   Section        0  stm32f1xx_hal_gpio.o(i.HAL_GPIO_WritePin)
    i.HAL_GetTick                            0x08001efc   Section        0  stm32f1xx_hal.o(i.HAL_GetTick)
    i.HAL_IncTick                            0x08001f08   Section        0  stm32f1xx_hal.o(i.HAL_IncTick)
    i.HAL_Init                               0x08001f18   Section        0  stm32f1xx_hal.o(i.HAL_Init)
    i.HAL_InitTick                           0x08001f3c   Section        0  stm32f1xx_hal.o(i.HAL_InitTick)
    i.HAL_MspInit                            0x08001f7c   Section        0  stm32f1xx_hal_msp.o(i.HAL_MspInit)
    i.HAL_NVIC_EnableIRQ                     0x08001fb8   Section        0  stm32f1xx_hal_cortex.o(i.HAL_NVIC_EnableIRQ)
    i.HAL_NVIC_SetPriority                   0x08001fd4   Section        0  stm32f1xx_hal_cortex.o(i.HAL_NVIC_SetPriority)
    i.HAL_NVIC_SetPriorityGrouping           0x08002014   Section        0  stm32f1xx_hal_cortex.o(i.HAL_NVIC_SetPriorityGrouping)
    i.HAL_RCCEx_GetPeriphCLKFreq             0x08002038   Section        0  stm32f1xx_hal_rcc_ex.o(i.HAL_RCCEx_GetPeriphCLKFreq)
    i.HAL_RCCEx_PeriphCLKConfig              0x080020dc   Section        0  stm32f1xx_hal_rcc_ex.o(i.HAL_RCCEx_PeriphCLKConfig)
    i.HAL_RCC_ClockConfig                    0x080021c8   Section        0  stm32f1xx_hal_rcc.o(i.HAL_RCC_ClockConfig)
    i.HAL_RCC_GetPCLK1Freq                   0x080022f4   Section        0  stm32f1xx_hal_rcc.o(i.HAL_RCC_GetPCLK1Freq)
    i.HAL_RCC_GetPCLK2Freq                   0x08002314   Section        0  stm32f1xx_hal_rcc.o(i.HAL_RCC_GetPCLK2Freq)
    i.HAL_RCC_GetSysClockFreq                0x08002334   Section        0  stm32f1xx_hal_rcc.o(i.HAL_RCC_GetSysClockFreq)
    i.HAL_RCC_OscConfig                      0x08002380   Section        0  stm32f1xx_hal_rcc.o(i.HAL_RCC_OscConfig)
    i.HAL_SYSTICK_Config                     0x080026a0   Section        0  stm32f1xx_hal_cortex.o(i.HAL_SYSTICK_Config)
    i.HAL_TIMEx_MasterConfigSynchronization  0x080026c8   Section        0  stm32f1xx_hal_tim_ex.o(i.HAL_TIMEx_MasterConfigSynchronization)
    i.HAL_TIM_Base_Init                      0x08002730   Section        0  stm32f1xx_hal_tim.o(i.HAL_TIM_Base_Init)
    i.HAL_TIM_Base_MspInit                   0x0800278c   Section        0  tim.o(i.HAL_TIM_Base_MspInit)
    i.HAL_TIM_Base_Start                     0x080027c8   Section        0  stm32f1xx_hal_tim.o(i.HAL_TIM_Base_Start)
    i.HAL_TIM_Base_Stop                      0x08002818   Section        0  stm32f1xx_hal_tim.o(i.HAL_TIM_Base_Stop)
    i.HAL_TIM_ConfigClockSource              0x0800283e   Section        0  stm32f1xx_hal_tim.o(i.HAL_TIM_ConfigClockSource)
    i.HAL_TIM_MspPostInit                    0x0800291c   Section        0  tim.o(i.HAL_TIM_MspPostInit)
    i.HAL_TIM_PWM_ConfigChannel              0x08002968   Section        0  stm32f1xx_hal_tim.o(i.HAL_TIM_PWM_ConfigChannel)
    i.HAL_TIM_PWM_Init                       0x08002a34   Section        0  stm32f1xx_hal_tim.o(i.HAL_TIM_PWM_Init)
    i.HAL_TIM_PWM_MspInit                    0x08002a8e   Section        0  stm32f1xx_hal_tim.o(i.HAL_TIM_PWM_MspInit)
    i.HAL_TIM_PWM_Start                      0x08002a90   Section        0  stm32f1xx_hal_tim.o(i.HAL_TIM_PWM_Start)
    i.HAL_UARTEx_RxEventCallback             0x08002b2c   Section        0  stm32f1xx_hal_uart.o(i.HAL_UARTEx_RxEventCallback)
    i.HAL_UART_ErrorCallback                 0x08002b2e   Section        0  stm32f1xx_hal_uart.o(i.HAL_UART_ErrorCallback)
    i.HAL_UART_IRQHandler                    0x08002b30   Section        0  stm32f1xx_hal_uart.o(i.HAL_UART_IRQHandler)
    i.HAL_UART_Init                          0x08002d9c   Section        0  stm32f1xx_hal_uart.o(i.HAL_UART_Init)
    i.HAL_UART_MspInit                       0x08002e00   Section        0  usart.o(i.HAL_UART_MspInit)
    i.HAL_UART_Receive_IT                    0x08002e80   Section        0  stm32f1xx_hal_uart.o(i.HAL_UART_Receive_IT)
    i.HAL_UART_RxCpltCallback                0x08002e9c   Section        0  usart.o(i.HAL_UART_RxCpltCallback)
    i.HAL_UART_Transmit                      0x08002f08   Section        0  stm32f1xx_hal_uart.o(i.HAL_UART_Transmit)
    i.HAL_UART_TxCpltCallback                0x08002fa8   Section        0  stm32f1xx_hal_uart.o(i.HAL_UART_TxCpltCallback)
    i.HardFault_Handler                      0x08002faa   Section        0  stm32f1xx_it.o(i.HardFault_Handler)
    i.Light_Get                              0x08002fac   Section        0  light.o(i.Light_Get)
    i.MX_ADC1_Init                           0x08002fd8   Section        0  adc.o(i.MX_ADC1_Init)
    i.MX_GPIO_Init                           0x08003028   Section        0  gpio.o(i.MX_GPIO_Init)
    i.MX_TIM2_Init                           0x080030a8   Section        0  tim.o(i.MX_TIM2_Init)
    i.MX_TIM3_Init                           0x0800310c   Section        0  tim.o(i.MX_TIM3_Init)
    i.MX_USART2_UART_Init                    0x080031a4   Section        0  usart.o(i.MX_USART2_UART_Init)
    i.MemManage_Handler                      0x080031e8   Section        0  stm32f1xx_it.o(i.MemManage_Handler)
    i.NMI_Handler                            0x080031ea   Section        0  stm32f1xx_it.o(i.NMI_Handler)
    i.PendSV_Handler                         0x080031ec   Section        0  stm32f1xx_it.o(i.PendSV_Handler)
    i.SVC_Handler                            0x080031ee   Section        0  stm32f1xx_it.o(i.SVC_Handler)
    i.Servo_Init                             0x080031f0   Section        0  servo.o(i.Servo_Init)
    i.Servo_Set_Angle                        0x08003208   Section        0  servo.o(i.Servo_Set_Angle)
    i.SysTick_Handler                        0x0800323c   Section        0  stm32f1xx_it.o(i.SysTick_Handler)
    i.SystemClock_Config                     0x08003240   Section        0  main.o(i.SystemClock_Config)
    i.SystemInit                             0x080032b8   Section        0  system_stm32f1xx.o(i.SystemInit)
    i.TIM_Base_SetConfig                     0x080032bc   Section        0  stm32f1xx_hal_tim.o(i.TIM_Base_SetConfig)
    i.TIM_CCxChannelCmd                      0x08003334   Section        0  stm32f1xx_hal_tim.o(i.TIM_CCxChannelCmd)
    i.TIM_ETR_SetConfig                      0x0800334e   Section        0  stm32f1xx_hal_tim.o(i.TIM_ETR_SetConfig)
    i.TIM_ITRx_SetConfig                     0x08003362   Section        0  stm32f1xx_hal_tim.o(i.TIM_ITRx_SetConfig)
    TIM_ITRx_SetConfig                       0x08003363   Thumb Code    16  stm32f1xx_hal_tim.o(i.TIM_ITRx_SetConfig)
    i.TIM_OC1_SetConfig                      0x08003374   Section        0  stm32f1xx_hal_tim.o(i.TIM_OC1_SetConfig)
    TIM_OC1_SetConfig                        0x08003375   Thumb Code    74  stm32f1xx_hal_tim.o(i.TIM_OC1_SetConfig)
    i.TIM_OC2_SetConfig                      0x080033c4   Section        0  stm32f1xx_hal_tim.o(i.TIM_OC2_SetConfig)
    i.TIM_OC3_SetConfig                      0x0800341c   Section        0  stm32f1xx_hal_tim.o(i.TIM_OC3_SetConfig)
    TIM_OC3_SetConfig                        0x0800341d   Thumb Code    82  stm32f1xx_hal_tim.o(i.TIM_OC3_SetConfig)
    i.TIM_OC4_SetConfig                      0x08003474   Section        0  stm32f1xx_hal_tim.o(i.TIM_OC4_SetConfig)
    TIM_OC4_SetConfig                        0x08003475   Thumb Code    64  stm32f1xx_hal_tim.o(i.TIM_OC4_SetConfig)
    i.TIM_TI1_ConfigInputStage               0x080034b8   Section        0  stm32f1xx_hal_tim.o(i.TIM_TI1_ConfigInputStage)
    TIM_TI1_ConfigInputStage                 0x080034b9   Thumb Code    34  stm32f1xx_hal_tim.o(i.TIM_TI1_ConfigInputStage)
    i.TIM_TI2_ConfigInputStage               0x080034da   Section        0  stm32f1xx_hal_tim.o(i.TIM_TI2_ConfigInputStage)
    TIM_TI2_ConfigInputStage                 0x080034db   Thumb Code    36  stm32f1xx_hal_tim.o(i.TIM_TI2_ConfigInputStage)
    i.UART_DMAAbortOnError                   0x080034fe   Section        0  stm32f1xx_hal_uart.o(i.UART_DMAAbortOnError)
    UART_DMAAbortOnError                     0x080034ff   Thumb Code    16  stm32f1xx_hal_uart.o(i.UART_DMAAbortOnError)
    i.UART_EndRxTransfer                     0x0800350e   Section        0  stm32f1xx_hal_uart.o(i.UART_EndRxTransfer)
    UART_EndRxTransfer                       0x0800350f   Thumb Code    78  stm32f1xx_hal_uart.o(i.UART_EndRxTransfer)
    i.UART_Receive_IT                        0x0800355c   Section        0  stm32f1xx_hal_uart.o(i.UART_Receive_IT)
    UART_Receive_IT                          0x0800355d   Thumb Code   194  stm32f1xx_hal_uart.o(i.UART_Receive_IT)
    i.UART_SetConfig                         0x08003620   Section        0  stm32f1xx_hal_uart.o(i.UART_SetConfig)
    UART_SetConfig                           0x08003621   Thumb Code   178  stm32f1xx_hal_uart.o(i.UART_SetConfig)
    i.UART_Start_Receive_IT                  0x080036d8   Section        0  stm32f1xx_hal_uart.o(i.UART_Start_Receive_IT)
    i.UART_WaitOnFlagUntilTimeout            0x0800370e   Section        0  stm32f1xx_hal_uart.o(i.UART_WaitOnFlagUntilTimeout)
    UART_WaitOnFlagUntilTimeout              0x0800370f   Thumb Code   114  stm32f1xx_hal_uart.o(i.UART_WaitOnFlagUntilTimeout)
    i.USART2_IRQHandler                      0x08003780   Section        0  stm32f1xx_it.o(i.USART2_IRQHandler)
    i.UsageFault_Handler                     0x0800378c   Section        0  stm32f1xx_it.o(i.UsageFault_Handler)
    i.__ARM_fpclassify                       0x0800378e   Section        0  fpclassify.o(i.__ARM_fpclassify)
    i.__NVIC_SetPriority                     0x080037b6   Section        0  stm32f1xx_hal_cortex.o(i.__NVIC_SetPriority)
    __NVIC_SetPriority                       0x080037b7   Thumb Code    32  stm32f1xx_hal_cortex.o(i.__NVIC_SetPriority)
    i._is_digit                              0x080037d6   Section        0  __printf_wp.o(i._is_digit)
    i.main                                   0x080037e4   Section        0  main.o(i.main)
    locale$$code                             0x080038cc   Section       44  lc_numeric_c.o(locale$$code)
    x$fpl$dadd                               0x080038f8   Section      336  daddsub_clz.o(x$fpl$dadd)
    _dadd1                                   0x08003909   Thumb Code     0  daddsub_clz.o(x$fpl$dadd)
    x$fpl$dfixu                              0x08003a48   Section       90  dfixu.o(x$fpl$dfixu)
    x$fpl$dfltu                              0x08003aa2   Section       38  dflt_clz.o(x$fpl$dfltu)
    x$fpl$dmul                               0x08003ac8   Section      340  dmul.o(x$fpl$dmul)
    x$fpl$dnaninf                            0x08003c1c   Section      156  dnaninf.o(x$fpl$dnaninf)
    x$fpl$dretinf                            0x08003cb8   Section       12  dretinf.o(x$fpl$dretinf)
    x$fpl$dsub                               0x08003cc4   Section      468  daddsub_clz.o(x$fpl$dsub)
    _dsub1                                   0x08003cd5   Thumb Code     0  daddsub_clz.o(x$fpl$dsub)
    x$fpl$f2d                                0x08003e98   Section       86  f2d.o(x$fpl$f2d)
    x$fpl$fadd                               0x08003ef0   Section      196  faddsub_clz.o(x$fpl$fadd)
    _fadd1                                   0x08003eff   Thumb Code     0  faddsub_clz.o(x$fpl$fadd)
    x$fpl$fdiv                               0x08003fb4   Section      388  fdiv.o(x$fpl$fdiv)
    _fdiv1                                   0x08003fb5   Thumb Code     0  fdiv.o(x$fpl$fdiv)
    x$fpl$ffltu                              0x08004138   Section       38  fflt_clz.o(x$fpl$ffltu)
    x$fpl$fnaninf                            0x0800415e   Section      140  fnaninf.o(x$fpl$fnaninf)
    x$fpl$fretinf                            0x080041ea   Section       10  fretinf.o(x$fpl$fretinf)
    x$fpl$fsub                               0x080041f4   Section      234  faddsub_clz.o(x$fpl$fsub)
    _fsub1                                   0x08004203   Thumb Code     0  faddsub_clz.o(x$fpl$fsub)
    x$fpl$printf1                            0x080042de   Section        4  printf1.o(x$fpl$printf1)
    .constdata                               0x080042e2   Section       18  stm32f1xx_hal_rcc.o(.constdata)
    x$fpl$usenofp                            0x080042e2   Section        0  usenofp.o(x$fpl$usenofp)
    aPredivFactorTable                       0x080042e2   Data           2  stm32f1xx_hal_rcc.o(.constdata)
    aPLLMULFactorTable                       0x080042e4   Data          16  stm32f1xx_hal_rcc.o(.constdata)
    .constdata                               0x080042f4   Section       18  stm32f1xx_hal_rcc_ex.o(.constdata)
    aPredivFactorTable                       0x080042f4   Data           2  stm32f1xx_hal_rcc_ex.o(.constdata)
    aPLLMULFactorTable                       0x080042f6   Data          16  stm32f1xx_hal_rcc_ex.o(.constdata)
    .constdata                               0x08004306   Section       16  system_stm32f1xx.o(.constdata)
    .constdata                               0x08004316   Section        8  system_stm32f1xx.o(.constdata)
    .constdata                               0x08004320   Section      148  bigflt0.o(.constdata)
    tenpwrs_x                                0x08004320   Data          60  bigflt0.o(.constdata)
    tenpwrs_i                                0x0800435c   Data          64  bigflt0.o(.constdata)
    locale$$data                             0x080043d4   Section       28  lc_numeric_c.o(locale$$data)
    __lcnum_c_name                           0x080043d8   Data           2  lc_numeric_c.o(locale$$data)
    __lcnum_c_start                          0x080043e0   Data           0  lc_numeric_c.o(locale$$data)
    __lcnum_c_point                          0x080043ec   Data           0  lc_numeric_c.o(locale$$data)
    __lcnum_c_thousands                      0x080043ee   Data           0  lc_numeric_c.o(locale$$data)
    __lcnum_c_grouping                       0x080043ef   Data           0  lc_numeric_c.o(locale$$data)
    __lcnum_c_end                            0x080043f0   Data           0  lc_numeric_c.o(locale$$data)
    .data                                    0x20000000   Section        4  usart.o(.data)
    angle                                    0x20000002   Data           2  usart.o(.data)
    .data                                    0x20000004   Section       12  stm32f1xx_hal.o(.data)
    .data                                    0x20000010   Section        4  system_stm32f1xx.o(.data)
    .bss                                     0x20000014   Section       48  adc.o(.bss)
    .bss                                     0x20000044   Section      144  tim.o(.bss)
    .bss                                     0x200000d4   Section       72  usart.o(.bss)
    .bss                                     0x2000011c   Section       96  libspace.o(.bss)
    HEAP                                     0x20000180   Section      512  startup_stm32f103xb.o(HEAP)
    Heap_Mem                                 0x20000180   Data         512  startup_stm32f103xb.o(HEAP)
    STACK                                    0x20000380   Section     1024  startup_stm32f103xb.o(STACK)
    Stack_Mem                                0x20000380   Data        1024  startup_stm32f103xb.o(STACK)
    __initial_sp                             0x20000780   Data           0  startup_stm32f103xb.o(STACK)

    Global Symbols

    Symbol Name                              Value     Ov Type        Size  Object(Section)

    BuildAttributes$$THM_ISAv4$P$D$K$B$S$PE$A:L22UL41UL21$X:L11$S22US41US21$IEEE1$IW$USESV6$~STKCKD$USESV7$~SHL$OTIME$ROPI$IEEEJ$EBA8$UX$STANDARDLIB$REQ8$PRES8$EABIv2 0x00000000   Number         0  anon$$obj.o ABSOLUTE
    __ARM_use_no_argv                        0x00000000   Number         0  main.o ABSOLUTE
    _printf_flags                            0x00000000   Number         0  printf_stubs.o ABSOLUTE
    _printf_return_value                     0x00000000   Number         0  printf_stubs.o ABSOLUTE
    _printf_sizespec                         0x00000000   Number         0  printf_stubs.o ABSOLUTE
    _printf_widthprec                        0x00000000   Number         0  printf_stubs.o ABSOLUTE
    __ARM_exceptions_init                     - Undefined Weak Reference
    __alloca_initialize                       - Undefined Weak Reference
    __arm_fini_                               - Undefined Weak Reference
    __arm_preinit_                            - Undefined Weak Reference
    __cpp_initialize__aeabi_                  - Undefined Weak Reference
    __cxa_finalize                            - Undefined Weak Reference
    __sigvec_lookup                           - Undefined Weak Reference
    _atexit_init                              - Undefined Weak Reference
    _call_atexit_fns                          - Undefined Weak Reference
    _clock_init                               - Undefined Weak Reference
    _fp_trap_init                             - Undefined Weak Reference
    _fp_trap_shutdown                         - Undefined Weak Reference
    _get_lc_collate                           - Undefined Weak Reference
    _get_lc_ctype                             - Undefined Weak Reference
    _get_lc_monetary                          - Undefined Weak Reference
    _get_lc_time                              - Undefined Weak Reference
    _getenv_init                              - Undefined Weak Reference
    _handle_redirection                       - Undefined Weak Reference
    _init_alloc                               - Undefined Weak Reference
    _init_user_alloc                          - Undefined Weak Reference
    _initio                                   - Undefined Weak Reference
    _printf_mbtowc                            - Undefined Weak Reference
    _printf_post_padding                      - Undefined Weak Reference
    _printf_pre_padding                       - Undefined Weak Reference
    _printf_truncate_signed                   - Undefined Weak Reference
    _printf_truncate_unsigned                 - Undefined Weak Reference
    _rand_init                                - Undefined Weak Reference
    _signal_finish                            - Undefined Weak Reference
    _signal_init                              - Undefined Weak Reference
    _terminate_alloc                          - Undefined Weak Reference
    _terminate_user_alloc                     - Undefined Weak Reference
    _terminateio                              - Undefined Weak Reference
    __Vectors_Size                           0x000000ec   Number         0  startup_stm32f103xb.o ABSOLUTE
    __Vectors                                0x08000000   Data           4  startup_stm32f103xb.o(RESET)
    __Vectors_End                            0x080000ec   Data           0  startup_stm32f103xb.o(RESET)
    __main                                   0x080000ed   Thumb Code     8  __main.o(!!!main)
    __scatterload                            0x080000f5   Thumb Code     0  __scatter.o(!!!scatter)
    __scatterload_rt2                        0x080000f5   Thumb Code    44  __scatter.o(!!!scatter)
    __scatterload_rt2_thumb_only             0x080000f5   Thumb Code     0  __scatter.o(!!!scatter)
    __scatterload_null                       0x08000103   Thumb Code     0  __scatter.o(!!!scatter)
    __scatterload_copy                       0x08000129   Thumb Code    26  __scatter_copy.o(!!handler_copy)
    __scatterload_zeroinit                   0x08000145   Thumb Code    28  __scatter_zi.o(!!handler_zi)
    _printf_f                                0x08000161   Thumb Code     0  _printf_f.o(.ARM.Collect$$_printf_percent$$00000003)
    _printf_percent                          0x08000161   Thumb Code     0  _printf_percent.o(.ARM.Collect$$_printf_percent$$00000000)
    _printf_u                                0x08000167   Thumb Code     0  _printf_u.o(.ARM.Collect$$_printf_percent$$0000000A)
    _printf_s                                0x0800016d   Thumb Code     0  _printf_s.o(.ARM.Collect$$_printf_percent$$00000014)
    _printf_percent_end                      0x08000173   Thumb Code     0  _printf_percent_end.o(.ARM.Collect$$_printf_percent$$00000017)
    __rt_lib_init                            0x08000177   Thumb Code     0  libinit.o(.ARM.Collect$$libinit$$00000000)
    __rt_lib_init_fp_1                       0x08000179   Thumb Code     0  libinit2.o(.ARM.Collect$$libinit$$00000002)
    __rt_lib_init_heap_1                     0x08000179   Thumb Code     0  libinit2.o(.ARM.Collect$$libinit$$0000000A)
    __rt_lib_init_lc_common                  0x08000179   Thumb Code     0  libinit2.o(.ARM.Collect$$libinit$$0000000F)
    __rt_lib_init_preinit_1                  0x08000179   Thumb Code     0  libinit2.o(.ARM.Collect$$libinit$$00000004)
    __rt_lib_init_rand_1                     0x08000179   Thumb Code     0  libinit2.o(.ARM.Collect$$libinit$$0000000E)
    __rt_lib_init_user_alloc_1               0x08000179   Thumb Code     0  libinit2.o(.ARM.Collect$$libinit$$0000000C)
    __rt_lib_init_lc_collate_1               0x0800017f   Thumb Code     0  libinit2.o(.ARM.Collect$$libinit$$00000011)
    __rt_lib_init_lc_ctype_1                 0x0800017f   Thumb Code     0  libinit2.o(.ARM.Collect$$libinit$$00000013)
    __rt_lib_init_lc_monetary_1              0x0800017f   Thumb Code     0  libinit2.o(.ARM.Collect$$libinit$$00000015)
    __rt_lib_init_lc_numeric_2               0x0800017f   Thumb Code     0  libinit2.o(.ARM.Collect$$libinit$$00000016)
    __rt_lib_init_alloca_1                   0x08000189   Thumb Code     0  libinit2.o(.ARM.Collect$$libinit$$0000002E)
    __rt_lib_init_argv_1                     0x08000189   Thumb Code     0  libinit2.o(.ARM.Collect$$libinit$$0000002C)
    __rt_lib_init_atexit_1                   0x08000189   Thumb Code     0  libinit2.o(.ARM.Collect$$libinit$$0000001B)
    __rt_lib_init_clock_1                    0x08000189   Thumb Code     0  libinit2.o(.ARM.Collect$$libinit$$00000021)
    __rt_lib_init_cpp_1                      0x08000189   Thumb Code     0  libinit2.o(.ARM.Collect$$libinit$$00000032)
    __rt_lib_init_exceptions_1               0x08000189   Thumb Code     0  libinit2.o(.ARM.Collect$$libinit$$00000030)
    __rt_lib_init_fp_trap_1                  0x08000189   Thumb Code     0  libinit2.o(.ARM.Collect$$libinit$$0000001F)
    __rt_lib_init_getenv_1                   0x08000189   Thumb Code     0  libinit2.o(.ARM.Collect$$libinit$$00000023)
    __rt_lib_init_lc_numeric_1               0x08000189   Thumb Code     0  libinit2.o(.ARM.Collect$$libinit$$00000017)
    __rt_lib_init_lc_time_1                  0x08000189   Thumb Code     0  libinit2.o(.ARM.Collect$$libinit$$00000019)
    __rt_lib_init_return                     0x08000189   Thumb Code     0  libinit2.o(.ARM.Collect$$libinit$$00000033)
    __rt_lib_init_signal_1                   0x08000189   Thumb Code     0  libinit2.o(.ARM.Collect$$libinit$$0000001D)
    __rt_lib_init_stdio_1                    0x08000189   Thumb Code     0  libinit2.o(.ARM.Collect$$libinit$$00000025)
    __rt_lib_shutdown                        0x0800018b   Thumb Code     0  libshutdown.o(.ARM.Collect$$libshutdown$$00000000)
    __rt_lib_shutdown_cpp_1                  0x0800018d   Thumb Code     0  libshutdown2.o(.ARM.Collect$$libshutdown$$00000004)
    __rt_lib_shutdown_fini_1                 0x0800018d   Thumb Code     0  libshutdown2.o(.ARM.Collect$$libshutdown$$00000002)
    __rt_lib_shutdown_fp_trap_1              0x0800018d   Thumb Code     0  libshutdown2.o(.ARM.Collect$$libshutdown$$00000009)
    __rt_lib_shutdown_heap_1                 0x0800018d   Thumb Code     0  libshutdown2.o(.ARM.Collect$$libshutdown$$00000011)
    __rt_lib_shutdown_return                 0x0800018d   Thumb Code     0  libshutdown2.o(.ARM.Collect$$libshutdown$$00000012)
    __rt_lib_shutdown_signal_1               0x0800018d   Thumb Code     0  libshutdown2.o(.ARM.Collect$$libshutdown$$0000000C)
    __rt_lib_shutdown_stdio_1                0x0800018d   Thumb Code     0  libshutdown2.o(.ARM.Collect$$libshutdown$$00000006)
    __rt_lib_shutdown_user_alloc_1           0x0800018d   Thumb Code     0  libshutdown2.o(.ARM.Collect$$libshutdown$$0000000E)
    __rt_entry                               0x0800018f   Thumb Code     0  __rtentry.o(.ARM.Collect$$rtentry$$00000000)
    __rt_entry_presh_1                       0x0800018f   Thumb Code     0  __rtentry2.o(.ARM.Collect$$rtentry$$00000002)
    __rt_entry_sh                            0x0800018f   Thumb Code     0  __rtentry4.o(.ARM.Collect$$rtentry$$00000004)
    __rt_entry_li                            0x08000195   Thumb Code     0  __rtentry2.o(.ARM.Collect$$rtentry$$0000000A)
    __rt_entry_postsh_1                      0x08000195   Thumb Code     0  __rtentry2.o(.ARM.Collect$$rtentry$$00000009)
    __rt_entry_main                          0x08000199   Thumb Code     0  __rtentry2.o(.ARM.Collect$$rtentry$$0000000D)
    __rt_entry_postli_1                      0x08000199   Thumb Code     0  __rtentry2.o(.ARM.Collect$$rtentry$$0000000C)
    __rt_exit                                0x080001a1   Thumb Code     0  rtexit.o(.ARM.Collect$$rtexit$$00000000)
    __rt_exit_ls                             0x080001a3   Thumb Code     0  rtexit2.o(.ARM.Collect$$rtexit$$00000003)
    __rt_exit_prels_1                        0x080001a3   Thumb Code     0  rtexit2.o(.ARM.Collect$$rtexit$$00000002)
    __rt_exit_exit                           0x080001a7   Thumb Code     0  rtexit2.o(.ARM.Collect$$rtexit$$00000004)
    Reset_Handler                            0x080001ad   Thumb Code     8  startup_stm32f103xb.o(.text)
    ADC1_2_IRQHandler                        0x080001c7   Thumb Code     0  startup_stm32f103xb.o(.text)
    CAN1_RX1_IRQHandler                      0x080001c7   Thumb Code     0  startup_stm32f103xb.o(.text)
    CAN1_SCE_IRQHandler                      0x080001c7   Thumb Code     0  startup_stm32f103xb.o(.text)
    DMA1_Channel1_IRQHandler                 0x080001c7   Thumb Code     0  startup_stm32f103xb.o(.text)
    DMA1_Channel2_IRQHandler                 0x080001c7   Thumb Code     0  startup_stm32f103xb.o(.text)
    DMA1_Channel3_IRQHandler                 0x080001c7   Thumb Code     0  startup_stm32f103xb.o(.text)
    DMA1_Channel4_IRQHandler                 0x080001c7   Thumb Code     0  startup_stm32f103xb.o(.text)
    DMA1_Channel5_IRQHandler                 0x080001c7   Thumb Code     0  startup_stm32f103xb.o(.text)
    DMA1_Channel6_IRQHandler                 0x080001c7   Thumb Code     0  startup_stm32f103xb.o(.text)
    DMA1_Channel7_IRQHandler                 0x080001c7   Thumb Code     0  startup_stm32f103xb.o(.text)
    EXTI0_IRQHandler                         0x080001c7   Thumb Code     0  startup_stm32f103xb.o(.text)
    EXTI15_10_IRQHandler                     0x080001c7   Thumb Code     0  startup_stm32f103xb.o(.text)
    EXTI1_IRQHandler                         0x080001c7   Thumb Code     0  startup_stm32f103xb.o(.text)
    EXTI2_IRQHandler                         0x080001c7   Thumb Code     0  startup_stm32f103xb.o(.text)
    EXTI3_IRQHandler                         0x080001c7   Thumb Code     0  startup_stm32f103xb.o(.text)
    EXTI4_IRQHandler                         0x080001c7   Thumb Code     0  startup_stm32f103xb.o(.text)
    EXTI9_5_IRQHandler                       0x080001c7   Thumb Code     0  startup_stm32f103xb.o(.text)
    FLASH_IRQHandler                         0x080001c7   Thumb Code     0  startup_stm32f103xb.o(.text)
    I2C1_ER_IRQHandler                       0x080001c7   Thumb Code     0  startup_stm32f103xb.o(.text)
    I2C1_EV_IRQHandler                       0x080001c7   Thumb Code     0  startup_stm32f103xb.o(.text)
    I2C2_ER_IRQHandler                       0x080001c7   Thumb Code     0  startup_stm32f103xb.o(.text)
    I2C2_EV_IRQHandler                       0x080001c7   Thumb Code     0  startup_stm32f103xb.o(.text)
    PVD_IRQHandler                           0x080001c7   Thumb Code     0  startup_stm32f103xb.o(.text)
    RCC_IRQHandler                           0x080001c7   Thumb Code     0  startup_stm32f103xb.o(.text)
    RTC_Alarm_IRQHandler                     0x080001c7   Thumb Code     0  startup_stm32f103xb.o(.text)
    RTC_IRQHandler                           0x080001c7   Thumb Code     0  startup_stm32f103xb.o(.text)
    SPI1_IRQHandler                          0x080001c7   Thumb Code     0  startup_stm32f103xb.o(.text)
    SPI2_IRQHandler                          0x080001c7   Thumb Code     0  startup_stm32f103xb.o(.text)
    TAMPER_IRQHandler                        0x080001c7   Thumb Code     0  startup_stm32f103xb.o(.text)
    TIM1_BRK_IRQHandler                      0x080001c7   Thumb Code     0  startup_stm32f103xb.o(.text)
    TIM1_CC_IRQHandler                       0x080001c7   Thumb Code     0  startup_stm32f103xb.o(.text)
    TIM1_TRG_COM_IRQHandler                  0x080001c7   Thumb Code     0  startup_stm32f103xb.o(.text)
    TIM1_UP_IRQHandler                       0x080001c7   Thumb Code     0  startup_stm32f103xb.o(.text)
    TIM2_IRQHandler                          0x080001c7   Thumb Code     0  startup_stm32f103xb.o(.text)
    TIM3_IRQHandler                          0x080001c7   Thumb Code     0  startup_stm32f103xb.o(.text)
    TIM4_IRQHandler                          0x080001c7   Thumb Code     0  startup_stm32f103xb.o(.text)
    USART1_IRQHandler                        0x080001c7   Thumb Code     0  startup_stm32f103xb.o(.text)
    USART3_IRQHandler                        0x080001c7   Thumb Code     0  startup_stm32f103xb.o(.text)
    USBWakeUp_IRQHandler                     0x080001c7   Thumb Code     0  startup_stm32f103xb.o(.text)
    USB_HP_CAN1_TX_IRQHandler                0x080001c7   Thumb Code     0  startup_stm32f103xb.o(.text)
    USB_LP_CAN1_RX0_IRQHandler               0x080001c7   Thumb Code     0  startup_stm32f103xb.o(.text)
    WWDG_IRQHandler                          0x080001c7   Thumb Code     0  startup_stm32f103xb.o(.text)
    __user_initial_stackheap                 0x080001c9   Thumb Code     0  startup_stm32f103xb.o(.text)
    __2sprintf                               0x080001ed   Thumb Code    34  noretval__2sprintf.o(.text)
    _printf_str                              0x08000215   Thumb Code    82  _printf_str.o(.text)
    _printf_int_dec                          0x08000269   Thumb Code   104  _printf_dec.o(.text)
    __printf                                 0x080002e1   Thumb Code   270  __printf_wp.o(.text)
    strlen                                   0x080003ef   Thumb Code    62  strlen.o(.text)
    __aeabi_memclr4                          0x0800042d   Thumb Code     0  rt_memclr_w.o(.text)
    __aeabi_memclr8                          0x0800042d   Thumb Code     0  rt_memclr_w.o(.text)
    __rt_memclr_w                            0x0800042d   Thumb Code    78  rt_memclr_w.o(.text)
    _memset_w                                0x08000431   Thumb Code     0  rt_memclr_w.o(.text)
    __use_two_region_memory                  0x0800047b   Thumb Code     2  heapauxi.o(.text)
    __rt_heap_escrow$2region                 0x0800047d   Thumb Code     2  heapauxi.o(.text)
    __rt_heap_expand$2region                 0x0800047f   Thumb Code     2  heapauxi.o(.text)
    _printf_int_common                       0x08000481   Thumb Code   178  _printf_intcommon.o(.text)
    __lib_sel_fp_printf                      0x08000533   Thumb Code     2  _printf_fp_dec.o(.text)
    _printf_fp_dec_real                      0x080006e5   Thumb Code   620  _printf_fp_dec.o(.text)
    _printf_char_common                      0x0800095b   Thumb Code    32  _printf_char_common.o(.text)
    _sputc                                   0x08000981   Thumb Code    10  _sputc.o(.text)
    _printf_cs_common                        0x0800098b   Thumb Code    20  _printf_char.o(.text)
    _printf_char                             0x0800099f   Thumb Code    16  _printf_char.o(.text)
    _printf_string                           0x080009af   Thumb Code     8  _printf_char.o(.text)
    __rt_locale                              0x080009b9   Thumb Code     8  rt_locale_intlibspace.o(.text)
    _ll_udiv10                               0x080009c1   Thumb Code   138  lludiv10.o(.text)
    _printf_fp_infnan                        0x08000a4d   Thumb Code   112  _printf_fp_infnan.o(.text)
    _btod_etento                             0x08000acd   Thumb Code   224  bigflt0.o(.text)
    __user_libspace                          0x08000bb1   Thumb Code     8  libspace.o(.text)
    __user_perproc_libspace                  0x08000bb1   Thumb Code     0  libspace.o(.text)
    __user_perthread_libspace                0x08000bb1   Thumb Code     0  libspace.o(.text)
    __user_setup_stackheap                   0x08000bb9   Thumb Code    74  sys_stackheap_outer.o(.text)
    exit                                     0x08000c03   Thumb Code    18  exit.o(.text)
    strcmp                                   0x08000c15   Thumb Code   128  strcmpv7m.o(.text)
    _sys_exit                                0x08000c95   Thumb Code     8  sys_exit.o(.text)
    __I$use$semihosting                      0x08000ca1   Thumb Code     0  use_no_semi.o(.text)
    __use_no_semihosting_swi                 0x08000ca1   Thumb Code     2  use_no_semi.o(.text)
    __semihosting_library_function           0x08000ca3   Thumb Code     0  indicate_semi.o(.text)
    _btod_d2e                                0x08000ca3   Thumb Code    62  btod.o(CL$$btod_d2e)
    _d2e_denorm_low                          0x08000ce1   Thumb Code    70  btod.o(CL$$btod_d2e_denorm_low)
    _d2e_norm_op1                            0x08000d27   Thumb Code    96  btod.o(CL$$btod_d2e_norm_op1)
    __btod_div_common                        0x08000d87   Thumb Code   696  btod.o(CL$$btod_div_common)
    _e2e                                     0x080010bf   Thumb Code   220  btod.o(CL$$btod_e2e)
    _btod_ediv                               0x0800119b   Thumb Code    42  btod.o(CL$$btod_ediv)
    _btod_emul                               0x080011c5   Thumb Code    42  btod.o(CL$$btod_emul)
    __btod_mult_common                       0x080011ef   Thumb Code   580  btod.o(CL$$btod_mult_common)
    ADC_ConversionStop_Disable               0x08001435   Thumb Code    86  stm32f1xx_hal_adc.o(i.ADC_ConversionStop_Disable)
    ADC_Enable                               0x0800148d   Thumb Code   114  stm32f1xx_hal_adc.o(i.ADC_Enable)
    BusFault_Handler                         0x08001509   Thumb Code     2  stm32f1xx_it.o(i.BusFault_Handler)
    DHT11_Get                                0x0800150d   Thumb Code   292  dht11.o(i.DHT11_Get)
    DHT11_Init                               0x08001639   Thumb Code    22  dht11.o(i.DHT11_Init)
    DebugMon_Handler                         0x08001655   Thumb Code     2  stm32f1xx_it.o(i.DebugMon_Handler)
    Delay_US                                 0x08001659   Thumb Code    36  delay.o(i.Delay_US)
    Error_Handler                            0x08001681   Thumb Code     4  main.o(i.Error_Handler)
    HAL_ADCEx_Calibration_Start              0x08001685   Thumb Code   210  stm32f1xx_hal_adc_ex.o(i.HAL_ADCEx_Calibration_Start)
    HAL_ADC_ConfigChannel                    0x0800175d   Thumb Code   240  stm32f1xx_hal_adc.o(i.HAL_ADC_ConfigChannel)
    HAL_ADC_GetValue                         0x08001859   Thumb Code     6  stm32f1xx_hal_adc.o(i.HAL_ADC_GetValue)
    HAL_ADC_Init                             0x08001861   Thumb Code   272  stm32f1xx_hal_adc.o(i.HAL_ADC_Init)
    HAL_ADC_MspInit                          0x0800197d   Thumb Code    76  adc.o(i.HAL_ADC_MspInit)
    HAL_ADC_PollForConversion                0x080019d5   Thumb Code   304  stm32f1xx_hal_adc.o(i.HAL_ADC_PollForConversion)
    HAL_ADC_Start                            0x08001b11   Thumb Code   184  stm32f1xx_hal_adc.o(i.HAL_ADC_Start)
    HAL_ADC_Stop                             0x08001bd1   Thumb Code    52  stm32f1xx_hal_adc.o(i.HAL_ADC_Stop)
    HAL_DMA_Abort                            0x08001c05   Thumb Code    70  stm32f1xx_hal_dma.o(i.HAL_DMA_Abort)
    HAL_DMA_Abort_IT                         0x08001c4d   Thumb Code   148  stm32f1xx_hal_dma.o(i.HAL_DMA_Abort_IT)
    HAL_Delay                                0x08001ce5   Thumb Code    32  stm32f1xx_hal.o(i.HAL_Delay)
    HAL_GPIO_Init                            0x08001d09   Thumb Code   446  stm32f1xx_hal_gpio.o(i.HAL_GPIO_Init)
    HAL_GPIO_ReadPin                         0x08001ee9   Thumb Code    10  stm32f1xx_hal_gpio.o(i.HAL_GPIO_ReadPin)
    HAL_GPIO_WritePin                        0x08001ef3   Thumb Code    10  stm32f1xx_hal_gpio.o(i.HAL_GPIO_WritePin)
    HAL_GetTick                              0x08001efd   Thumb Code     6  stm32f1xx_hal.o(i.HAL_GetTick)
    HAL_IncTick                              0x08001f09   Thumb Code    12  stm32f1xx_hal.o(i.HAL_IncTick)
    HAL_Init                                 0x08001f19   Thumb Code    32  stm32f1xx_hal.o(i.HAL_Init)
    HAL_InitTick                             0x08001f3d   Thumb Code    54  stm32f1xx_hal.o(i.HAL_InitTick)
    HAL_MspInit                              0x08001f7d   Thumb Code    52  stm32f1xx_hal_msp.o(i.HAL_MspInit)
    HAL_NVIC_EnableIRQ                       0x08001fb9   Thumb Code    26  stm32f1xx_hal_cortex.o(i.HAL_NVIC_EnableIRQ)
    HAL_NVIC_SetPriority                     0x08001fd5   Thumb Code    60  stm32f1xx_hal_cortex.o(i.HAL_NVIC_SetPriority)
    HAL_NVIC_SetPriorityGrouping             0x08002015   Thumb Code    26  stm32f1xx_hal_cortex.o(i.HAL_NVIC_SetPriorityGrouping)
    HAL_RCCEx_GetPeriphCLKFreq               0x08002039   Thumb Code   148  stm32f1xx_hal_rcc_ex.o(i.HAL_RCCEx_GetPeriphCLKFreq)
    HAL_RCCEx_PeriphCLKConfig                0x080020dd   Thumb Code   224  stm32f1xx_hal_rcc_ex.o(i.HAL_RCCEx_PeriphCLKConfig)
    HAL_RCC_ClockConfig                      0x080021c9   Thumb Code   280  stm32f1xx_hal_rcc.o(i.HAL_RCC_ClockConfig)
    HAL_RCC_GetPCLK1Freq                     0x080022f5   Thumb Code    20  stm32f1xx_hal_rcc.o(i.HAL_RCC_GetPCLK1Freq)
    HAL_RCC_GetPCLK2Freq                     0x08002315   Thumb Code    20  stm32f1xx_hal_rcc.o(i.HAL_RCC_GetPCLK2Freq)
    HAL_RCC_GetSysClockFreq                  0x08002335   Thumb Code    58  stm32f1xx_hal_rcc.o(i.HAL_RCC_GetSysClockFreq)
    HAL_RCC_OscConfig                        0x08002381   Thumb Code   778  stm32f1xx_hal_rcc.o(i.HAL_RCC_OscConfig)
    HAL_SYSTICK_Config                       0x080026a1   Thumb Code    40  stm32f1xx_hal_cortex.o(i.HAL_SYSTICK_Config)
    HAL_TIMEx_MasterConfigSynchronization    0x080026c9   Thumb Code    92  stm32f1xx_hal_tim_ex.o(i.HAL_TIMEx_MasterConfigSynchronization)
    HAL_TIM_Base_Init                        0x08002731   Thumb Code    90  stm32f1xx_hal_tim.o(i.HAL_TIM_Base_Init)
    HAL_TIM_Base_MspInit                     0x0800278d   Thumb Code    52  tim.o(i.HAL_TIM_Base_MspInit)
    HAL_TIM_Base_Start                       0x080027c9   Thumb Code    66  stm32f1xx_hal_tim.o(i.HAL_TIM_Base_Start)
    HAL_TIM_Base_Stop                        0x08002819   Thumb Code    38  stm32f1xx_hal_tim.o(i.HAL_TIM_Base_Stop)
    HAL_TIM_ConfigClockSource                0x0800283f   Thumb Code   220  stm32f1xx_hal_tim.o(i.HAL_TIM_ConfigClockSource)
    HAL_TIM_MspPostInit                      0x0800291d   Thumb Code    62  tim.o(i.HAL_TIM_MspPostInit)
    HAL_TIM_PWM_ConfigChannel                0x08002969   Thumb Code   204  stm32f1xx_hal_tim.o(i.HAL_TIM_PWM_ConfigChannel)
    HAL_TIM_PWM_Init                         0x08002a35   Thumb Code    90  stm32f1xx_hal_tim.o(i.HAL_TIM_PWM_Init)
    HAL_TIM_PWM_MspInit                      0x08002a8f   Thumb Code     2  stm32f1xx_hal_tim.o(i.HAL_TIM_PWM_MspInit)
    HAL_TIM_PWM_Start                        0x08002a91   Thumb Code   144  stm32f1xx_hal_tim.o(i.HAL_TIM_PWM_Start)
    HAL_UARTEx_RxEventCallback               0x08002b2d   Thumb Code     2  stm32f1xx_hal_uart.o(i.HAL_UARTEx_RxEventCallback)
    HAL_UART_ErrorCallback                   0x08002b2f   Thumb Code     2  stm32f1xx_hal_uart.o(i.HAL_UART_ErrorCallback)
    HAL_UART_IRQHandler                      0x08002b31   Thumb Code   616  stm32f1xx_hal_uart.o(i.HAL_UART_IRQHandler)
    HAL_UART_Init                            0x08002d9d   Thumb Code   100  stm32f1xx_hal_uart.o(i.HAL_UART_Init)
    HAL_UART_MspInit                         0x08002e01   Thumb Code   114  usart.o(i.HAL_UART_MspInit)
    HAL_UART_Receive_IT                      0x08002e81   Thumb Code    28  stm32f1xx_hal_uart.o(i.HAL_UART_Receive_IT)
    HAL_UART_RxCpltCallback                  0x08002e9d   Thumb Code    96  usart.o(i.HAL_UART_RxCpltCallback)
    HAL_UART_Transmit                        0x08002f09   Thumb Code   160  stm32f1xx_hal_uart.o(i.HAL_UART_Transmit)
    HAL_UART_TxCpltCallback                  0x08002fa9   Thumb Code     2  stm32f1xx_hal_uart.o(i.HAL_UART_TxCpltCallback)
    HardFault_Handler                        0x08002fab   Thumb Code     2  stm32f1xx_it.o(i.HardFault_Handler)
    Light_Get                                0x08002fad   Thumb Code    38  light.o(i.Light_Get)
    MX_ADC1_Init                             0x08002fd9   Thumb Code    70  adc.o(i.MX_ADC1_Init)
    MX_GPIO_Init                             0x08003029   Thumb Code   118  gpio.o(i.MX_GPIO_Init)
    MX_TIM2_Init                             0x080030a9   Thumb Code    96  tim.o(i.MX_TIM2_Init)
    MX_TIM3_Init                             0x0800310d   Thumb Code   144  tim.o(i.MX_TIM3_Init)
    MX_USART2_UART_Init                      0x080031a5   Thumb Code    54  usart.o(i.MX_USART2_UART_Init)
    MemManage_Handler                        0x080031e9   Thumb Code     2  stm32f1xx_it.o(i.MemManage_Handler)
    NMI_Handler                              0x080031eb   Thumb Code     2  stm32f1xx_it.o(i.NMI_Handler)
    PendSV_Handler                           0x080031ed   Thumb Code     2  stm32f1xx_it.o(i.PendSV_Handler)
    SVC_Handler                              0x080031ef   Thumb Code     2  stm32f1xx_it.o(i.SVC_Handler)
    Servo_Init                               0x080031f1   Thumb Code    18  servo.o(i.Servo_Init)
    Servo_Set_Angle                          0x08003209   Thumb Code    34  servo.o(i.Servo_Set_Angle)
    SysTick_Handler                          0x0800323d   Thumb Code     4  stm32f1xx_it.o(i.SysTick_Handler)
    SystemClock_Config                       0x08003241   Thumb Code   120  main.o(i.SystemClock_Config)
    SystemInit                               0x080032b9   Thumb Code     2  system_stm32f1xx.o(i.SystemInit)
    TIM_Base_SetConfig                       0x080032bd   Thumb Code   108  stm32f1xx_hal_tim.o(i.TIM_Base_SetConfig)
    TIM_CCxChannelCmd                        0x08003335   Thumb Code    26  stm32f1xx_hal_tim.o(i.TIM_CCxChannelCmd)
    TIM_ETR_SetConfig                        0x0800334f   Thumb Code    20  stm32f1xx_hal_tim.o(i.TIM_ETR_SetConfig)
    TIM_OC2_SetConfig                        0x080033c5   Thumb Code    84  stm32f1xx_hal_tim.o(i.TIM_OC2_SetConfig)
    UART_Start_Receive_IT                    0x080036d9   Thumb Code    54  stm32f1xx_hal_uart.o(i.UART_Start_Receive_IT)
    USART2_IRQHandler                        0x08003781   Thumb Code     6  stm32f1xx_it.o(i.USART2_IRQHandler)
    UsageFault_Handler                       0x0800378d   Thumb Code     2  stm32f1xx_it.o(i.UsageFault_Handler)
    __ARM_fpclassify                         0x0800378f   Thumb Code    40  fpclassify.o(i.__ARM_fpclassify)
    _is_digit                                0x080037d7   Thumb Code    14  __printf_wp.o(i._is_digit)
    main                                     0x080037e5   Thumb Code   158  main.o(i.main)
    _get_lc_numeric                          0x080038cd   Thumb Code    44  lc_numeric_c.o(locale$$code)
    __aeabi_dadd                             0x080038f9   Thumb Code     0  daddsub_clz.o(x$fpl$dadd)
    _dadd                                    0x080038f9   Thumb Code   332  daddsub_clz.o(x$fpl$dadd)
    __aeabi_d2uiz                            0x08003a49   Thumb Code     0  dfixu.o(x$fpl$dfixu)
    _dfixu                                   0x08003a49   Thumb Code    90  dfixu.o(x$fpl$dfixu)
    __aeabi_ui2d                             0x08003aa3   Thumb Code     0  dflt_clz.o(x$fpl$dfltu)
    _dfltu                                   0x08003aa3   Thumb Code    38  dflt_clz.o(x$fpl$dfltu)
    __aeabi_dmul                             0x08003ac9   Thumb Code     0  dmul.o(x$fpl$dmul)
    _dmul                                    0x08003ac9   Thumb Code   332  dmul.o(x$fpl$dmul)
    __fpl_dnaninf                            0x08003c1d   Thumb Code   156  dnaninf.o(x$fpl$dnaninf)
    __fpl_dretinf                            0x08003cb9   Thumb Code    12  dretinf.o(x$fpl$dretinf)
    __aeabi_dsub                             0x08003cc5   Thumb Code     0  daddsub_clz.o(x$fpl$dsub)
    _dsub                                    0x08003cc5   Thumb Code   464  daddsub_clz.o(x$fpl$dsub)
    __aeabi_f2d                              0x08003e99   Thumb Code     0  f2d.o(x$fpl$f2d)
    _f2d                                     0x08003e99   Thumb Code    86  f2d.o(x$fpl$f2d)
    __aeabi_fadd                             0x08003ef1   Thumb Code     0  faddsub_clz.o(x$fpl$fadd)
    _fadd                                    0x08003ef1   Thumb Code   196  faddsub_clz.o(x$fpl$fadd)
    __aeabi_fdiv                             0x08003fb5   Thumb Code     0  fdiv.o(x$fpl$fdiv)
    _fdiv                                    0x08003fb5   Thumb Code   384  fdiv.o(x$fpl$fdiv)
    __aeabi_ui2f                             0x08004139   Thumb Code     0  fflt_clz.o(x$fpl$ffltu)
    _ffltu                                   0x08004139   Thumb Code    38  fflt_clz.o(x$fpl$ffltu)
    __fpl_fnaninf                            0x0800415f   Thumb Code   140  fnaninf.o(x$fpl$fnaninf)
    __fpl_fretinf                            0x080041eb   Thumb Code    10  fretinf.o(x$fpl$fretinf)
    __aeabi_fsub                             0x080041f5   Thumb Code     0  faddsub_clz.o(x$fpl$fsub)
    _fsub                                    0x080041f5   Thumb Code   234  faddsub_clz.o(x$fpl$fsub)
    _printf_fp_dec                           0x080042df   Thumb Code     4  printf1.o(x$fpl$printf1)
    __I$use$fp                               0x080042e2   Number         0  usenofp.o(x$fpl$usenofp)
    AHBPrescTable                            0x08004306   Data          16  system_stm32f1xx.o(.constdata)
    APBPrescTable                            0x08004316   Data           8  system_stm32f1xx.o(.constdata)
    Region$$Table$$Base                      0x080043b4   Number         0  anon$$obj.o(Region$$Table)
    Region$$Table$$Limit                     0x080043d4   Number         0  anon$$obj.o(Region$$Table)
    cmd                                      0x20000000   Data           1  usart.o(.data)
    uwTickFreq                               0x20000004   Data           1  stm32f1xx_hal.o(.data)
    uwTickPrio                               0x20000008   Data           4  stm32f1xx_hal.o(.data)
    uwTick                                   0x2000000c   Data           4  stm32f1xx_hal.o(.data)
    SystemCoreClock                          0x20000010   Data           4  system_stm32f1xx.o(.data)
    hadc1                                    0x20000014   Data          48  adc.o(.bss)
    htim2                                    0x20000044   Data          72  tim.o(.bss)
    htim3                                    0x2000008c   Data          72  tim.o(.bss)
    huart2                                   0x200000d4   Data          72  usart.o(.bss)
    __libspace_start                         0x2000011c   Data          96  libspace.o(.bss)
    __temporary_stack_top$libspace           0x2000017c   Data           0  libspace.o(.bss)



==============================================================================

Memory Map of the image

  Image Entry point : 0x080000ed

  Load Region LR_IROM1 (Base: 0x08000000, Size: 0x00004404, Max: 0x00020000, ABSOLUTE)

    Execution Region ER_IROM1 (Exec base: 0x08000000, Load base: 0x08000000, Size: 0x000043f0, Max: 0x00020000, ABSOLUTE)

    Exec Addr    Load Addr    Size         Type   Attr      Idx    E Section Name        Object

    0x08000000   0x08000000   0x000000ec   Data   RO            3    RESET               startup_stm32f103xb.o
    0x080000ec   0x080000ec   0x00000008   Code   RO         3264  * !!!main             c_w.l(__main.o)
    0x080000f4   0x080000f4   0x00000034   Code   RO         3526    !!!scatter          c_w.l(__scatter.o)
    0x08000128   0x08000128   0x0000001a   Code   RO         3528    !!handler_copy      c_w.l(__scatter_copy.o)
    0x08000142   0x08000142   0x00000002   PAD
    0x08000144   0x08000144   0x0000001c   Code   RO         3530    !!handler_zi        c_w.l(__scatter_zi.o)
    0x08000160   0x08000160   0x00000000   Code   RO         3257    .ARM.Collect$$_printf_percent$$00000000  c_w.l(_printf_percent.o)
    0x08000160   0x08000160   0x00000006   Code   RO         3256    .ARM.Collect$$_printf_percent$$00000003  c_w.l(_printf_f.o)
    0x08000166   0x08000166   0x00000006   Code   RO         3255    .ARM.Collect$$_printf_percent$$0000000A  c_w.l(_printf_u.o)
    0x0800016c   0x0800016c   0x00000006   Code   RO         3254    .ARM.Collect$$_printf_percent$$00000014  c_w.l(_printf_s.o)
    0x08000172   0x08000172   0x00000004   Code   RO         3315    .ARM.Collect$$_printf_percent$$00000017  c_w.l(_printf_percent_end.o)
    0x08000176   0x08000176   0x00000002   Code   RO         3397    .ARM.Collect$$libinit$$00000000  c_w.l(libinit.o)
    0x08000178   0x08000178   0x00000000   Code   RO         3399    .ARM.Collect$$libinit$$00000002  c_w.l(libinit2.o)
    0x08000178   0x08000178   0x00000000   Code   RO         3401    .ARM.Collect$$libinit$$00000004  c_w.l(libinit2.o)
    0x08000178   0x08000178   0x00000000   Code   RO         3404    .ARM.Collect$$libinit$$0000000A  c_w.l(libinit2.o)
    0x08000178   0x08000178   0x00000000   Code   RO         3406    .ARM.Collect$$libinit$$0000000C  c_w.l(libinit2.o)
    0x08000178   0x08000178   0x00000000   Code   RO         3408    .ARM.Collect$$libinit$$0000000E  c_w.l(libinit2.o)
    0x08000178   0x08000178   0x00000006   Code   RO         3409    .ARM.Collect$$libinit$$0000000F  c_w.l(libinit2.o)
    0x0800017e   0x0800017e   0x00000000   Code   RO         3411    .ARM.Collect$$libinit$$00000011  c_w.l(libinit2.o)
    0x0800017e   0x0800017e   0x00000000   Code   RO         3413    .ARM.Collect$$libinit$$00000013  c_w.l(libinit2.o)
    0x0800017e   0x0800017e   0x00000000   Code   RO         3415    .ARM.Collect$$libinit$$00000015  c_w.l(libinit2.o)
    0x0800017e   0x0800017e   0x0000000a   Code   RO         3416    .ARM.Collect$$libinit$$00000016  c_w.l(libinit2.o)
    0x08000188   0x08000188   0x00000000   Code   RO         3417    .ARM.Collect$$libinit$$00000017  c_w.l(libinit2.o)
    0x08000188   0x08000188   0x00000000   Code   RO         3419    .ARM.Collect$$libinit$$00000019  c_w.l(libinit2.o)
    0x08000188   0x08000188   0x00000000   Code   RO         3421    .ARM.Collect$$libinit$$0000001B  c_w.l(libinit2.o)
    0x08000188   0x08000188   0x00000000   Code   RO         3423    .ARM.Collect$$libinit$$0000001D  c_w.l(libinit2.o)
    0x08000188   0x08000188   0x00000000   Code   RO         3425    .ARM.Collect$$libinit$$0000001F  c_w.l(libinit2.o)
    0x08000188   0x08000188   0x00000000   Code   RO         3427    .ARM.Collect$$libinit$$00000021  c_w.l(libinit2.o)
    0x08000188   0x08000188   0x00000000   Code   RO         3429    .ARM.Collect$$libinit$$00000023  c_w.l(libinit2.o)
    0x08000188   0x08000188   0x00000000   Code   RO         3431    .ARM.Collect$$libinit$$00000025  c_w.l(libinit2.o)
    0x08000188   0x08000188   0x00000000   Code   RO         3435    .ARM.Collect$$libinit$$0000002C  c_w.l(libinit2.o)
    0x08000188   0x08000188   0x00000000   Code   RO         3437    .ARM.Collect$$libinit$$0000002E  c_w.l(libinit2.o)
    0x08000188   0x08000188   0x00000000   Code   RO         3439    .ARM.Collect$$libinit$$00000030  c_w.l(libinit2.o)
    0x08000188   0x08000188   0x00000000   Code   RO         3441    .ARM.Collect$$libinit$$00000032  c_w.l(libinit2.o)
    0x08000188   0x08000188   0x00000002   Code   RO         3442    .ARM.Collect$$libinit$$00000033  c_w.l(libinit2.o)
    0x0800018a   0x0800018a   0x00000002   Code   RO         3472    .ARM.Collect$$libshutdown$$00000000  c_w.l(libshutdown.o)
    0x0800018c   0x0800018c   0x00000000   Code   RO         3483    .ARM.Collect$$libshutdown$$00000002  c_w.l(libshutdown2.o)
    0x0800018c   0x0800018c   0x00000000   Code   RO         3485    .ARM.Collect$$libshutdown$$00000004  c_w.l(libshutdown2.o)
    0x0800018c   0x0800018c   0x00000000   Code   RO         3487    .ARM.Collect$$libshutdown$$00000006  c_w.l(libshutdown2.o)
    0x0800018c   0x0800018c   0x00000000   Code   RO         3490    .ARM.Collect$$libshutdown$$00000009  c_w.l(libshutdown2.o)
    0x0800018c   0x0800018c   0x00000000   Code   RO         3493    .ARM.Collect$$libshutdown$$0000000C  c_w.l(libshutdown2.o)
    0x0800018c   0x0800018c   0x00000000   Code   RO         3495    .ARM.Collect$$libshutdown$$0000000E  c_w.l(libshutdown2.o)
    0x0800018c   0x0800018c   0x00000000   Code   RO         3498    .ARM.Collect$$libshutdown$$00000011  c_w.l(libshutdown2.o)
    0x0800018c   0x0800018c   0x00000002   Code   RO         3499    .ARM.Collect$$libshutdown$$00000012  c_w.l(libshutdown2.o)
    0x0800018e   0x0800018e   0x00000000   Code   RO         3304    .ARM.Collect$$rtentry$$00000000  c_w.l(__rtentry.o)
    0x0800018e   0x0800018e   0x00000000   Code   RO         3326    .ARM.Collect$$rtentry$$00000002  c_w.l(__rtentry2.o)
    0x0800018e   0x0800018e   0x00000006   Code   RO         3338    .ARM.Collect$$rtentry$$00000004  c_w.l(__rtentry4.o)
    0x08000194   0x08000194   0x00000000   Code   RO         3328    .ARM.Collect$$rtentry$$00000009  c_w.l(__rtentry2.o)
    0x08000194   0x08000194   0x00000004   Code   RO         3329    .ARM.Collect$$rtentry$$0000000A  c_w.l(__rtentry2.o)
    0x08000198   0x08000198   0x00000000   Code   RO         3331    .ARM.Collect$$rtentry$$0000000C  c_w.l(__rtentry2.o)
    0x08000198   0x08000198   0x00000008   Code   RO         3332    .ARM.Collect$$rtentry$$0000000D  c_w.l(__rtentry2.o)
    0x080001a0   0x080001a0   0x00000002   Code   RO         3443    .ARM.Collect$$rtexit$$00000000  c_w.l(rtexit.o)
    0x080001a2   0x080001a2   0x00000000   Code   RO         3450    .ARM.Collect$$rtexit$$00000002  c_w.l(rtexit2.o)
    0x080001a2   0x080001a2   0x00000004   Code   RO         3451    .ARM.Collect$$rtexit$$00000003  c_w.l(rtexit2.o)
    0x080001a6   0x080001a6   0x00000006   Code   RO         3452    .ARM.Collect$$rtexit$$00000004  c_w.l(rtexit2.o)
    0x080001ac   0x080001ac   0x00000040   Code   RO            4    .text               startup_stm32f103xb.o
    0x080001ec   0x080001ec   0x00000028   Code   RO         3226    .text               c_w.l(noretval__2sprintf.o)
    0x08000214   0x08000214   0x00000052   Code   RO         3230    .text               c_w.l(_printf_str.o)
    0x08000266   0x08000266   0x00000002   PAD
    0x08000268   0x08000268   0x00000078   Code   RO         3232    .text               c_w.l(_printf_dec.o)
    0x080002e0   0x080002e0   0x0000010e   Code   RO         3242    .text               c_w.l(__printf_wp.o)
    0x080003ee   0x080003ee   0x0000003e   Code   RO         3258    .text               c_w.l(strlen.o)
    0x0800042c   0x0800042c   0x0000004e   Code   RO         3260    .text               c_w.l(rt_memclr_w.o)
    0x0800047a   0x0800047a   0x00000006   Code   RO         3262    .text               c_w.l(heapauxi.o)
    0x08000480   0x08000480   0x000000b2   Code   RO         3305    .text               c_w.l(_printf_intcommon.o)
    0x08000532   0x08000532   0x0000041e   Code   RO         3307    .text               c_w.l(_printf_fp_dec.o)
    0x08000950   0x08000950   0x00000030   Code   RO         3309    .text               c_w.l(_printf_char_common.o)
    0x08000980   0x08000980   0x0000000a   Code   RO         3311    .text               c_w.l(_sputc.o)
    0x0800098a   0x0800098a   0x0000002c   Code   RO         3313    .text               c_w.l(_printf_char.o)
    0x080009b6   0x080009b6   0x00000002   PAD
    0x080009b8   0x080009b8   0x00000008   Code   RO         3343    .text               c_w.l(rt_locale_intlibspace.o)
    0x080009c0   0x080009c0   0x0000008a   Code   RO         3345    .text               c_w.l(lludiv10.o)
    0x08000a4a   0x08000a4a   0x00000002   PAD
    0x08000a4c   0x08000a4c   0x00000080   Code   RO         3347    .text               c_w.l(_printf_fp_infnan.o)
    0x08000acc   0x08000acc   0x000000e4   Code   RO         3351    .text               c_w.l(bigflt0.o)
    0x08000bb0   0x08000bb0   0x00000008   Code   RO         3383    .text               c_w.l(libspace.o)
    0x08000bb8   0x08000bb8   0x0000004a   Code   RO         3386    .text               c_w.l(sys_stackheap_outer.o)
    0x08000c02   0x08000c02   0x00000012   Code   RO         3388    .text               c_w.l(exit.o)
    0x08000c14   0x08000c14   0x00000080   Code   RO         3390    .text               c_w.l(strcmpv7m.o)
    0x08000c94   0x08000c94   0x0000000c   Code   RO         3462    .text               c_w.l(sys_exit.o)
    0x08000ca0   0x08000ca0   0x00000002   Code   RO         3473    .text               c_w.l(use_no_semi.o)
    0x08000ca2   0x08000ca2   0x00000000   Code   RO         3475    .text               c_w.l(indicate_semi.o)
    0x08000ca2   0x08000ca2   0x0000003e   Code   RO         3354    CL$$btod_d2e        c_w.l(btod.o)
    0x08000ce0   0x08000ce0   0x00000046   Code   RO         3356    CL$$btod_d2e_denorm_low  c_w.l(btod.o)
    0x08000d26   0x08000d26   0x00000060   Code   RO         3355    CL$$btod_d2e_norm_op1  c_w.l(btod.o)
    0x08000d86   0x08000d86   0x00000338   Code   RO         3364    CL$$btod_div_common  c_w.l(btod.o)
    0x080010be   0x080010be   0x000000dc   Code   RO         3361    CL$$btod_e2e        c_w.l(btod.o)
    0x0800119a   0x0800119a   0x0000002a   Code   RO         3358    CL$$btod_ediv       c_w.l(btod.o)
    0x080011c4   0x080011c4   0x0000002a   Code   RO         3357    CL$$btod_emul       c_w.l(btod.o)
    0x080011ee   0x080011ee   0x00000244   Code   RO         3363    CL$$btod_mult_common  c_w.l(btod.o)
    0x08001432   0x08001432   0x00000002   PAD
    0x08001434   0x08001434   0x00000056   Code   RO          596    i.ADC_ConversionStop_Disable  stm32f1xx_hal_adc.o
    0x0800148a   0x0800148a   0x00000002   PAD
    0x0800148c   0x0800148c   0x0000007c   Code   RO          600    i.ADC_Enable        stm32f1xx_hal_adc.o
    0x08001508   0x08001508   0x00000002   Code   RO          454    i.BusFault_Handler  stm32f1xx_it.o
    0x0800150a   0x0800150a   0x00000002   PAD
    0x0800150c   0x0800150c   0x0000012c   Code   RO          169    i.DHT11_Get         dht11.o
    0x08001638   0x08001638   0x0000001c   Code   RO          170    i.DHT11_Init        dht11.o
    0x08001654   0x08001654   0x00000002   Code   RO          455    i.DebugMon_Handler  stm32f1xx_it.o
    0x08001656   0x08001656   0x00000002   PAD
    0x08001658   0x08001658   0x00000028   Code   RO          138    i.Delay_US          delay.o
    0x08001680   0x08001680   0x00000004   Code   RO          238    i.Error_Handler     main.o
    0x08001684   0x08001684   0x000000d8   Code   RO          776    i.HAL_ADCEx_Calibration_Start  stm32f1xx_hal_adc_ex.o
    0x0800175c   0x0800175c   0x000000fc   Code   RO          602    i.HAL_ADC_ConfigChannel  stm32f1xx_hal_adc.o
    0x08001858   0x08001858   0x00000006   Code   RO          609    i.HAL_ADC_GetValue  stm32f1xx_hal_adc.o
    0x0800185e   0x0800185e   0x00000002   PAD
    0x08001860   0x08001860   0x0000011c   Code   RO          611    i.HAL_ADC_Init      stm32f1xx_hal_adc.o
    0x0800197c   0x0800197c   0x00000058   Code   RO          310    i.HAL_ADC_MspInit   adc.o
    0x080019d4   0x080019d4   0x0000013c   Code   RO          615    i.HAL_ADC_PollForConversion  stm32f1xx_hal_adc.o
    0x08001b10   0x08001b10   0x000000c0   Code   RO          617    i.HAL_ADC_Start     stm32f1xx_hal_adc.o
    0x08001bd0   0x08001bd0   0x00000034   Code   RO          620    i.HAL_ADC_Stop      stm32f1xx_hal_adc.o
    0x08001c04   0x08001c04   0x00000046   Code   RO         1253    i.HAL_DMA_Abort     stm32f1xx_hal_dma.o
    0x08001c4a   0x08001c4a   0x00000002   PAD
    0x08001c4c   0x08001c4c   0x00000098   Code   RO         1254    i.HAL_DMA_Abort_IT  stm32f1xx_hal_dma.o
    0x08001ce4   0x08001ce4   0x00000024   Code   RO          879    i.HAL_Delay         stm32f1xx_hal.o
    0x08001d08   0x08001d08   0x000001e0   Code   RO         1189    i.HAL_GPIO_Init     stm32f1xx_hal_gpio.o
    0x08001ee8   0x08001ee8   0x0000000a   Code   RO         1191    i.HAL_GPIO_ReadPin  stm32f1xx_hal_gpio.o
    0x08001ef2   0x08001ef2   0x0000000a   Code   RO         1193    i.HAL_GPIO_WritePin  stm32f1xx_hal_gpio.o
    0x08001efc   0x08001efc   0x0000000c   Code   RO          883    i.HAL_GetTick       stm32f1xx_hal.o
    0x08001f08   0x08001f08   0x00000010   Code   RO          889    i.HAL_IncTick       stm32f1xx_hal.o
    0x08001f18   0x08001f18   0x00000024   Code   RO          890    i.HAL_Init          stm32f1xx_hal.o
    0x08001f3c   0x08001f3c   0x00000040   Code   RO          891    i.HAL_InitTick      stm32f1xx_hal.o
    0x08001f7c   0x08001f7c   0x0000003c   Code   RO          536    i.HAL_MspInit       stm32f1xx_hal_msp.o
    0x08001fb8   0x08001fb8   0x0000001a   Code   RO         1349    i.HAL_NVIC_EnableIRQ  stm32f1xx_hal_cortex.o
    0x08001fd2   0x08001fd2   0x00000002   PAD
    0x08001fd4   0x08001fd4   0x00000040   Code   RO         1355    i.HAL_NVIC_SetPriority  stm32f1xx_hal_cortex.o
    0x08002014   0x08002014   0x00000024   Code   RO         1356    i.HAL_NVIC_SetPriorityGrouping  stm32f1xx_hal_cortex.o
    0x08002038   0x08002038   0x000000a4   Code   RO         1150    i.HAL_RCCEx_GetPeriphCLKFreq  stm32f1xx_hal_rcc_ex.o
    0x080020dc   0x080020dc   0x000000ec   Code   RO         1151    i.HAL_RCCEx_PeriphCLKConfig  stm32f1xx_hal_rcc_ex.o
    0x080021c8   0x080021c8   0x0000012c   Code   RO         1047    i.HAL_RCC_ClockConfig  stm32f1xx_hal_rcc.o
    0x080022f4   0x080022f4   0x00000020   Code   RO         1054    i.HAL_RCC_GetPCLK1Freq  stm32f1xx_hal_rcc.o
    0x08002314   0x08002314   0x00000020   Code   RO         1055    i.HAL_RCC_GetPCLK2Freq  stm32f1xx_hal_rcc.o
    0x08002334   0x08002334   0x0000004c   Code   RO         1056    i.HAL_RCC_GetSysClockFreq  stm32f1xx_hal_rcc.o
    0x08002380   0x08002380   0x00000320   Code   RO         1059    i.HAL_RCC_OscConfig  stm32f1xx_hal_rcc.o
    0x080026a0   0x080026a0   0x00000028   Code   RO         1360    i.HAL_SYSTICK_Config  stm32f1xx_hal_cortex.o
    0x080026c8   0x080026c8   0x00000068   Code   RO         2574    i.HAL_TIMEx_MasterConfigSynchronization  stm32f1xx_hal_tim_ex.o
    0x08002730   0x08002730   0x0000005a   Code   RO         1851    i.HAL_TIM_Base_Init  stm32f1xx_hal_tim.o
    0x0800278a   0x0800278a   0x00000002   PAD
    0x0800278c   0x0800278c   0x0000003c   Code   RO          352    i.HAL_TIM_Base_MspInit  tim.o
    0x080027c8   0x080027c8   0x00000050   Code   RO         1854    i.HAL_TIM_Base_Start  stm32f1xx_hal_tim.o
    0x08002818   0x08002818   0x00000026   Code   RO         1857    i.HAL_TIM_Base_Stop  stm32f1xx_hal_tim.o
    0x0800283e   0x0800283e   0x000000dc   Code   RO         1860    i.HAL_TIM_ConfigClockSource  stm32f1xx_hal_tim.o
    0x0800291a   0x0800291a   0x00000002   PAD
    0x0800291c   0x0800291c   0x0000004c   Code   RO          353    i.HAL_TIM_MspPostInit  tim.o
    0x08002968   0x08002968   0x000000cc   Code   RO         1923    i.HAL_TIM_PWM_ConfigChannel  stm32f1xx_hal_tim.o
    0x08002a34   0x08002a34   0x0000005a   Code   RO         1926    i.HAL_TIM_PWM_Init  stm32f1xx_hal_tim.o
    0x08002a8e   0x08002a8e   0x00000002   Code   RO         1928    i.HAL_TIM_PWM_MspInit  stm32f1xx_hal_tim.o
    0x08002a90   0x08002a90   0x0000009c   Code   RO         1931    i.HAL_TIM_PWM_Start  stm32f1xx_hal_tim.o
    0x08002b2c   0x08002b2c   0x00000002   Code   RO         2834    i.HAL_UARTEx_RxEventCallback  stm32f1xx_hal_uart.o
    0x08002b2e   0x08002b2e   0x00000002   Code   RO         2848    i.HAL_UART_ErrorCallback  stm32f1xx_hal_uart.o
    0x08002b30   0x08002b30   0x0000026c   Code   RO         2851    i.HAL_UART_IRQHandler  stm32f1xx_hal_uart.o
    0x08002d9c   0x08002d9c   0x00000064   Code   RO         2852    i.HAL_UART_Init     stm32f1xx_hal_uart.o
    0x08002e00   0x08002e00   0x00000080   Code   RO          406    i.HAL_UART_MspInit  usart.o
    0x08002e80   0x08002e80   0x0000001c   Code   RO         2857    i.HAL_UART_Receive_IT  stm32f1xx_hal_uart.o
    0x08002e9c   0x08002e9c   0x0000006c   Code   RO          407    i.HAL_UART_RxCpltCallback  usart.o
    0x08002f08   0x08002f08   0x000000a0   Code   RO         2860    i.HAL_UART_Transmit  stm32f1xx_hal_uart.o
    0x08002fa8   0x08002fa8   0x00000002   Code   RO         2863    i.HAL_UART_TxCpltCallback  stm32f1xx_hal_uart.o
    0x08002faa   0x08002faa   0x00000002   Code   RO          456    i.HardFault_Handler  stm32f1xx_it.o
    0x08002fac   0x08002fac   0x0000002c   Code   RO           13    i.Light_Get         light.o
    0x08002fd8   0x08002fd8   0x00000050   Code   RO          311    i.MX_ADC1_Init      adc.o
    0x08003028   0x08003028   0x00000080   Code   RO          285    i.MX_GPIO_Init      gpio.o
    0x080030a8   0x080030a8   0x00000064   Code   RO          354    i.MX_TIM2_Init      tim.o
    0x0800310c   0x0800310c   0x00000098   Code   RO          355    i.MX_TIM3_Init      tim.o
    0x080031a4   0x080031a4   0x00000044   Code   RO          408    i.MX_USART2_UART_Init  usart.o
    0x080031e8   0x080031e8   0x00000002   Code   RO          457    i.MemManage_Handler  stm32f1xx_it.o
    0x080031ea   0x080031ea   0x00000002   Code   RO          458    i.NMI_Handler       stm32f1xx_it.o
    0x080031ec   0x080031ec   0x00000002   Code   RO          459    i.PendSV_Handler    stm32f1xx_it.o
    0x080031ee   0x080031ee   0x00000002   Code   RO          460    i.SVC_Handler       stm32f1xx_it.o
    0x080031f0   0x080031f0   0x00000018   Code   RO          205    i.Servo_Init        servo.o
    0x08003208   0x08003208   0x00000034   Code   RO          206    i.Servo_Set_Angle   servo.o
    0x0800323c   0x0800323c   0x00000004   Code   RO          461    i.SysTick_Handler   stm32f1xx_it.o
    0x08003240   0x08003240   0x00000078   Code   RO          239    i.SystemClock_Config  main.o
    0x080032b8   0x080032b8   0x00000002   Code   RO         3186    i.SystemInit        system_stm32f1xx.o
    0x080032ba   0x080032ba   0x00000002   PAD
    0x080032bc   0x080032bc   0x00000078   Code   RO         1944    i.TIM_Base_SetConfig  stm32f1xx_hal_tim.o
    0x08003334   0x08003334   0x0000001a   Code   RO         1945    i.TIM_CCxChannelCmd  stm32f1xx_hal_tim.o
    0x0800334e   0x0800334e   0x00000014   Code   RO         1955    i.TIM_ETR_SetConfig  stm32f1xx_hal_tim.o
    0x08003362   0x08003362   0x00000010   Code   RO         1956    i.TIM_ITRx_SetConfig  stm32f1xx_hal_tim.o
    0x08003372   0x08003372   0x00000002   PAD
    0x08003374   0x08003374   0x00000050   Code   RO         1957    i.TIM_OC1_SetConfig  stm32f1xx_hal_tim.o
    0x080033c4   0x080033c4   0x00000058   Code   RO         1958    i.TIM_OC2_SetConfig  stm32f1xx_hal_tim.o
    0x0800341c   0x0800341c   0x00000058   Code   RO         1959    i.TIM_OC3_SetConfig  stm32f1xx_hal_tim.o
    0x08003474   0x08003474   0x00000044   Code   RO         1960    i.TIM_OC4_SetConfig  stm32f1xx_hal_tim.o
    0x080034b8   0x080034b8   0x00000022   Code   RO         1962    i.TIM_TI1_ConfigInputStage  stm32f1xx_hal_tim.o
    0x080034da   0x080034da   0x00000024   Code   RO         1964    i.TIM_TI2_ConfigInputStage  stm32f1xx_hal_tim.o
    0x080034fe   0x080034fe   0x00000010   Code   RO         2865    i.UART_DMAAbortOnError  stm32f1xx_hal_uart.o
    0x0800350e   0x0800350e   0x0000004e   Code   RO         2875    i.UART_EndRxTransfer  stm32f1xx_hal_uart.o
    0x0800355c   0x0800355c   0x000000c2   Code   RO         2877    i.UART_Receive_IT   stm32f1xx_hal_uart.o
    0x0800361e   0x0800361e   0x00000002   PAD
    0x08003620   0x08003620   0x000000b8   Code   RO         2878    i.UART_SetConfig    stm32f1xx_hal_uart.o
    0x080036d8   0x080036d8   0x00000036   Code   RO         2880    i.UART_Start_Receive_IT  stm32f1xx_hal_uart.o
    0x0800370e   0x0800370e   0x00000072   Code   RO         2881    i.UART_WaitOnFlagUntilTimeout  stm32f1xx_hal_uart.o
    0x08003780   0x08003780   0x0000000c   Code   RO          462    i.USART2_IRQHandler  stm32f1xx_it.o
    0x0800378c   0x0800378c   0x00000002   Code   RO          463    i.UsageFault_Handler  stm32f1xx_it.o
    0x0800378e   0x0800378e   0x00000028   Code   RO         3381    i.__ARM_fpclassify  m_ws.l(fpclassify.o)
    0x080037b6   0x080037b6   0x00000020   Code   RO         1362    i.__NVIC_SetPriority  stm32f1xx_hal_cortex.o
    0x080037d6   0x080037d6   0x0000000e   Code   RO         3244    i._is_digit         c_w.l(__printf_wp.o)
    0x080037e4   0x080037e4   0x000000e8   Code   RO          240    i.main              main.o
    0x080038cc   0x080038cc   0x0000002c   Code   RO         3377    locale$$code        c_w.l(lc_numeric_c.o)
    0x080038f8   0x080038f8   0x00000150   Code   RO         3266    x$fpl$dadd          fz_ws.l(daddsub_clz.o)
    0x08003a48   0x08003a48   0x0000005a   Code   RO         3272    x$fpl$dfixu         fz_ws.l(dfixu.o)
    0x08003aa2   0x08003aa2   0x00000026   Code   RO         3276    x$fpl$dfltu         fz_ws.l(dflt_clz.o)
    0x08003ac8   0x08003ac8   0x00000154   Code   RO         3282    x$fpl$dmul          fz_ws.l(dmul.o)
    0x08003c1c   0x08003c1c   0x0000009c   Code   RO         3316    x$fpl$dnaninf       fz_ws.l(dnaninf.o)
    0x08003cb8   0x08003cb8   0x0000000c   Code   RO         3318    x$fpl$dretinf       fz_ws.l(dretinf.o)
    0x08003cc4   0x08003cc4   0x000001d4   Code   RO         3268    x$fpl$dsub          fz_ws.l(daddsub_clz.o)
    0x08003e98   0x08003e98   0x00000056   Code   RO         3284    x$fpl$f2d           fz_ws.l(f2d.o)
    0x08003eee   0x08003eee   0x00000002   PAD
    0x08003ef0   0x08003ef0   0x000000c4   Code   RO         3286    x$fpl$fadd          fz_ws.l(faddsub_clz.o)
    0x08003fb4   0x08003fb4   0x00000184   Code   RO         3293    x$fpl$fdiv          fz_ws.l(fdiv.o)
    0x08004138   0x08004138   0x00000026   Code   RO         3296    x$fpl$ffltu         fz_ws.l(fflt_clz.o)
    0x0800415e   0x0800415e   0x0000008c   Code   RO         3320    x$fpl$fnaninf       fz_ws.l(fnaninf.o)
    0x080041ea   0x080041ea   0x0000000a   Code   RO         3322    x$fpl$fretinf       fz_ws.l(fretinf.o)
    0x080041f4   0x080041f4   0x000000ea   Code   RO         3288    x$fpl$fsub          fz_ws.l(faddsub_clz.o)
    0x080042de   0x080042de   0x00000004   Code   RO         3302    x$fpl$printf1       fz_ws.l(printf1.o)
    0x080042e2   0x080042e2   0x00000000   Code   RO         3324    x$fpl$usenofp       fz_ws.l(usenofp.o)
    0x080042e2   0x080042e2   0x00000012   Data   RO         1060    .constdata          stm32f1xx_hal_rcc.o
    0x080042f4   0x080042f4   0x00000012   Data   RO         1152    .constdata          stm32f1xx_hal_rcc_ex.o
    0x08004306   0x08004306   0x00000010   Data   RO         3187    .constdata          system_stm32f1xx.o
    0x08004316   0x08004316   0x00000008   Data   RO         3188    .constdata          system_stm32f1xx.o
    0x0800431e   0x0800431e   0x00000002   PAD
    0x08004320   0x08004320   0x00000094   Data   RO         3352    .constdata          c_w.l(bigflt0.o)
    0x080043b4   0x080043b4   0x00000020   Data   RO         3524    Region$$Table       anon$$obj.o
    0x080043d4   0x080043d4   0x0000001c   Data   RO         3376    locale$$data        c_w.l(lc_numeric_c.o)


    Execution Region RW_IRAM1 (Exec base: 0x20000000, Load base: 0x080043f0, Size: 0x00000780, Max: 0x00005000, ABSOLUTE)

    Exec Addr    Load Addr    Size         Type   Attr      Idx    E Section Name        Object

    0x20000000   0x080043f0   0x00000004   Data   RW          410    .data               usart.o
    0x20000004   0x080043f4   0x0000000c   Data   RW          897    .data               stm32f1xx_hal.o
    0x20000010   0x08004400   0x00000004   Data   RW         3189    .data               system_stm32f1xx.o
    0x20000014        -       0x00000030   Zero   RW          312    .bss                adc.o
    0x20000044        -       0x00000090   Zero   RW          356    .bss                tim.o
    0x200000d4        -       0x00000048   Zero   RW          409    .bss                usart.o
    0x2000011c        -       0x00000060   Zero   RW         3384    .bss                c_w.l(libspace.o)
    0x2000017c   0x08004404   0x00000004   PAD
    0x20000180        -       0x00000200   Zero   RW            2    HEAP                startup_stm32f103xb.o
    0x20000380        -       0x00000400   Zero   RW            1    STACK               startup_stm32f103xb.o


==============================================================================

Image component sizes


      Code (inc. data)   RO Data    RW Data    ZI Data      Debug   Object Name

       168         22          0          0         48       1589   adc.o
        40          4          0          0          0        539   delay.o
       328         14          0          0          0       1833   dht11.o
       128         10          0          0          0        919   gpio.o
        44          6          0          0          0     447180   light.o
       356         74          0          0          0       2252   main.o
        76         24          0          0          0        819   servo.o
        64         26        236          0       1536        796   startup_stm32f103xb.o
       164         28          0         12          0       5793   stm32f1xx_hal.o
      1312         54          0          0          0       7115   stm32f1xx_hal_adc.o
       216          6          0          0          0       1406   stm32f1xx_hal_adc_ex.o
       198         14          0          0          0      28863   stm32f1xx_hal_cortex.o
       222          4          0          0          0       1731   stm32f1xx_hal_dma.o
       500         34          0          0          0       3463   stm32f1xx_hal_gpio.o
        60          8          0          0          0        846   stm32f1xx_hal_msp.o
      1240         84         18          0          0       5040   stm32f1xx_hal_rcc.o
       400         28         18          0          0       2429   stm32f1xx_hal_rcc_ex.o
      1456         58          0          0          0      13333   stm32f1xx_hal_tim.o
       104         12          0          0          0       1332   stm32f1xx_hal_tim_ex.o
      1554         10          0          0          0      10764   stm32f1xx_hal_uart.o
        32          6          0          0          0       4178   stm32f1xx_it.o
         2          0         24          4          0       1079   system_stm32f1xx.o
       388         34          0          0        144       2897   tim.o
       304         40          0          4         72       2328   usart.o

    ----------------------------------------------------------------------
      9378        600        330         20       1800     548524   Object Totals
         0          0         32          0          0          0   (incl. Generated)
        22          0          2          0          0          0   (incl. Padding)

    ----------------------------------------------------------------------

      Code (inc. data)   RO Data    RW Data    ZI Data      Debug   Library Member Name

         8          0          0          0          0         68   __main.o
       284          0          0          0          0        156   __printf_wp.o
         0          0          0          0          0          0   __rtentry.o
        12          0          0          0          0          0   __rtentry2.o
         6          0          0          0          0          0   __rtentry4.o
        52          8          0          0          0          0   __scatter.o
        26          0          0          0          0          0   __scatter_copy.o
        28          0          0          0          0          0   __scatter_zi.o
        44          0          0          0          0        108   _printf_char.o
        48          6          0          0          0         96   _printf_char_common.o
       120         16          0          0          0         92   _printf_dec.o
         6          0          0          0          0          0   _printf_f.o
      1054          0          0          0          0        216   _printf_fp_dec.o
       128         16          0          0          0         84   _printf_fp_infnan.o
       178          0          0          0          0         88   _printf_intcommon.o
         0          0          0          0          0          0   _printf_percent.o
         4          0          0          0          0          0   _printf_percent_end.o
         6          0          0          0          0          0   _printf_s.o
        82          0          0          0          0         80   _printf_str.o
         6          0          0          0          0          0   _printf_u.o
        10          0          0          0          0         68   _sputc.o
       228          4        148          0          0         96   bigflt0.o
      1936        128          0          0          0        672   btod.o
        18          0          0          0          0         80   exit.o
         6          0          0          0          0        152   heapauxi.o
         0          0          0          0          0          0   indicate_semi.o
        44         10         28          0          0         76   lc_numeric_c.o
         2          0          0          0          0          0   libinit.o
        18          0          0          0          0          0   libinit2.o
         2          0          0          0          0          0   libshutdown.o
         2          0          0          0          0          0   libshutdown2.o
         8          4          0          0         96         68   libspace.o
       138          0          0          0          0         80   lludiv10.o
        40          6          0          0          0         84   noretval__2sprintf.o
         8          4          0          0          0         68   rt_locale_intlibspace.o
        78          0          0          0          0         80   rt_memclr_w.o
         2          0          0          0          0          0   rtexit.o
        10          0          0          0          0          0   rtexit2.o
       128          0          0          0          0         68   strcmpv7m.o
        62          0          0          0          0         76   strlen.o
        12          4          0          0          0         68   sys_exit.o
        74          0          0          0          0         80   sys_stackheap_outer.o
         2          0          0          0          0         68   use_no_semi.o
       804         16          0          0          0        272   daddsub_clz.o
        90          4          0          0          0         92   dfixu.o
        38          0          0          0          0         68   dflt_clz.o
       340         12          0          0          0        104   dmul.o
       156          4          0          0          0         92   dnaninf.o
        12          0          0          0          0         68   dretinf.o
        86          4          0          0          0         84   f2d.o
       430          8          0          0          0        168   faddsub_clz.o
       388         76          0          0          0         96   fdiv.o
        38          0          0          0          0         68   fflt_clz.o
       140          4          0          0          0         84   fnaninf.o
        10          0          0          0          0         68   fretinf.o
         4          0          0          0          0         68   printf1.o
         0          0          0          0          0          0   usenofp.o
        40          0          0          0          0         68   fpclassify.o

    ----------------------------------------------------------------------
      7508        334        176          0        100       4272   Library Totals
        12          0          0          0          4          0   (incl. Padding)

    ----------------------------------------------------------------------

      Code (inc. data)   RO Data    RW Data    ZI Data      Debug   Library Name

      4920        206        176          0         96       2872   c_w.l
      2536        128          0          0          0       1332   fz_ws.l
        40          0          0          0          0         68   m_ws.l

    ----------------------------------------------------------------------
      7508        334        176          0        100       4272   Library Totals

    ----------------------------------------------------------------------

==============================================================================


      Code (inc. data)   RO Data    RW Data    ZI Data      Debug   

     16886        934        506         20       1900     545824   Grand Totals
     16886        934        506         20       1900     545824   ELF Image Totals
     16886        934        506         20          0          0   ROM Totals

==============================================================================

    Total RO  Size (Code + RO Data)                17392 (  16.98kB)
    Total RW  Size (RW Data + ZI Data)              1920 (   1.88kB)
    Total ROM Size (Code + RO Data + RW Data)      17412 (  17.00kB)

==============================================================================

